Archive member included to satisfy reference by file (symbol)

/Applications/ArmGNUToolchain/13.3.rel1/arm-none-eabi/bin/../lib/gcc/arm-none-eabi/13.3.1/thumb/v6-m/nofp/libgcc.a(_udivsi3.o)
                              drivers/fsl_clock.o (__aeabi_uidiv)
/Applications/ArmGNUToolchain/13.3.rel1/arm-none-eabi/bin/../lib/gcc/arm-none-eabi/13.3.1/thumb/v6-m/nofp/libgcc.a(_divsi3.o)
                              drivers/fsl_clock.o (__aeabi_idiv)
/Applications/ArmGNUToolchain/13.3.rel1/arm-none-eabi/bin/../lib/gcc/arm-none-eabi/13.3.1/thumb/v6-m/nofp/libgcc.a(_dvmd_tls.o)
                              /Applications/ArmGNUToolchain/13.3.rel1/arm-none-eabi/bin/../lib/gcc/arm-none-eabi/13.3.1/thumb/v6-m/nofp/libgcc.a(_udivsi3.o) (__aeabi_idiv0)
/Applications/ArmGNUToolchain/13.3.rel1/arm-none-eabi/bin/../lib/gcc/arm-none-eabi/13.3.1/../../../../arm-none-eabi/lib/thumb/v6-m/nofp/libc.a(libc_a-exit.o)
                              /Applications/ArmGNUToolchain/13.3.rel1/arm-none-eabi/bin/../lib/gcc/arm-none-eabi/13.3.1/../../../../arm-none-eabi/lib/thumb/v6-m/nofp/crt0.o (exit)
/Applications/ArmGNUToolchain/13.3.rel1/arm-none-eabi/bin/../lib/gcc/arm-none-eabi/13.3.1/../../../../arm-none-eabi/lib/thumb/v6-m/nofp/libc.a(libc_a-malloc.o)
                              drivers/fsl_common.o (malloc)
/Applications/ArmGNUToolchain/13.3.rel1/arm-none-eabi/bin/../lib/gcc/arm-none-eabi/13.3.1/../../../../arm-none-eabi/lib/thumb/v6-m/nofp/libc.a(libc_a-mallocr.o)
                              /Applications/ArmGNUToolchain/13.3.rel1/arm-none-eabi/bin/../lib/gcc/arm-none-eabi/13.3.1/../../../../arm-none-eabi/lib/thumb/v6-m/nofp/libc.a(libc_a-malloc.o) (_malloc_r)
/Applications/ArmGNUToolchain/13.3.rel1/arm-none-eabi/bin/../lib/gcc/arm-none-eabi/13.3.1/../../../../arm-none-eabi/lib/thumb/v6-m/nofp/libc.a(libc_a-mlock.o)
                              /Applications/ArmGNUToolchain/13.3.rel1/arm-none-eabi/bin/../lib/gcc/arm-none-eabi/13.3.1/../../../../arm-none-eabi/lib/thumb/v6-m/nofp/libc.a(libc_a-mallocr.o) (__malloc_lock)
/Applications/ArmGNUToolchain/13.3.rel1/arm-none-eabi/bin/../lib/gcc/arm-none-eabi/13.3.1/../../../../arm-none-eabi/lib/thumb/v6-m/nofp/libc.a(libc_a-findfp.o)
                              /Applications/ArmGNUToolchain/13.3.rel1/arm-none-eabi/bin/../lib/gcc/arm-none-eabi/13.3.1/../../../../arm-none-eabi/lib/thumb/v6-m/nofp/libc.a(libc_a-exit.o) (__stdio_exit_handler)
/Applications/ArmGNUToolchain/13.3.rel1/arm-none-eabi/bin/../lib/gcc/arm-none-eabi/13.3.1/../../../../arm-none-eabi/lib/thumb/v6-m/nofp/libc.a(libc_a-memset.o)
                              /Applications/ArmGNUToolchain/13.3.rel1/arm-none-eabi/bin/../lib/gcc/arm-none-eabi/13.3.1/../../../../arm-none-eabi/lib/thumb/v6-m/nofp/crt0.o (memset)
/Applications/ArmGNUToolchain/13.3.rel1/arm-none-eabi/bin/../lib/gcc/arm-none-eabi/13.3.1/../../../../arm-none-eabi/lib/thumb/v6-m/nofp/libc.a(libc_a-impure.o)
                              /Applications/ArmGNUToolchain/13.3.rel1/arm-none-eabi/bin/../lib/gcc/arm-none-eabi/13.3.1/../../../../arm-none-eabi/lib/thumb/v6-m/nofp/libc.a(libc_a-malloc.o) (_impure_ptr)
/Applications/ArmGNUToolchain/13.3.rel1/arm-none-eabi/bin/../lib/gcc/arm-none-eabi/13.3.1/../../../../arm-none-eabi/lib/thumb/v6-m/nofp/libc.a(libc_a-sbrkr.o)
                              /Applications/ArmGNUToolchain/13.3.rel1/arm-none-eabi/bin/../lib/gcc/arm-none-eabi/13.3.1/../../../../arm-none-eabi/lib/thumb/v6-m/nofp/libc.a(libc_a-mallocr.o) (_sbrk_r)
/Applications/ArmGNUToolchain/13.3.rel1/arm-none-eabi/bin/../lib/gcc/arm-none-eabi/13.3.1/../../../../arm-none-eabi/lib/thumb/v6-m/nofp/libc.a(libc_a-sysconf.o)
                              /Applications/ArmGNUToolchain/13.3.rel1/arm-none-eabi/bin/../lib/gcc/arm-none-eabi/13.3.1/../../../../arm-none-eabi/lib/thumb/v6-m/nofp/libc.a(libc_a-mallocr.o) (sysconf)
/Applications/ArmGNUToolchain/13.3.rel1/arm-none-eabi/bin/../lib/gcc/arm-none-eabi/13.3.1/../../../../arm-none-eabi/lib/thumb/v6-m/nofp/libc.a(libc_a-init.o)
                              /Applications/ArmGNUToolchain/13.3.rel1/arm-none-eabi/bin/../lib/gcc/arm-none-eabi/13.3.1/../../../../arm-none-eabi/lib/thumb/v6-m/nofp/crt0.o (__libc_init_array)
/Applications/ArmGNUToolchain/13.3.rel1/arm-none-eabi/bin/../lib/gcc/arm-none-eabi/13.3.1/../../../../arm-none-eabi/lib/thumb/v6-m/nofp/libc.a(libc_a-lock.o)
                              /Applications/ArmGNUToolchain/13.3.rel1/arm-none-eabi/bin/../lib/gcc/arm-none-eabi/13.3.1/../../../../arm-none-eabi/lib/thumb/v6-m/nofp/libc.a(libc_a-findfp.o) (__retarget_lock_init_recursive)
/Applications/ArmGNUToolchain/13.3.rel1/arm-none-eabi/bin/../lib/gcc/arm-none-eabi/13.3.1/../../../../arm-none-eabi/lib/thumb/v6-m/nofp/libc.a(libc_a-memcpy-stub.o)
                              drivers/fsl_ftfx_cache.o (memcpy)
/Applications/ArmGNUToolchain/13.3.rel1/arm-none-eabi/bin/../lib/gcc/arm-none-eabi/13.3.1/../../../../arm-none-eabi/lib/thumb/v6-m/nofp/libc.a(libc_a-strlen-stub.o)
[...]
Memory Configuration

Name             Origin             Length             Attributes
m_interrupts     0x00000000         0x00000200         xr
m_flash_config   0x00000400         0x00000010         xr
m_text           0x00000410         0x0003fbf0         xr
m_data           0x1fffe000         0x00008000         rw
*default*        0x00000000         0xffffffff

Linker script and memory map

LOAD /Applications/ArmGNUToolchain/13.3.rel1/arm-none-eabi/bin/../lib/gcc/arm-none-eabi/13.3.1/thumb/v6-m/nofp/crti.o
LOAD /Applications/ArmGNUToolchain/13.3.rel1/arm-none-eabi/bin/../lib/gcc/arm-none-eabi/13.3.1/thumb/v6-m/nofp/crtbegin.o
LOAD /Applications/ArmGNUToolchain/13.3.rel1/arm-none-eabi/bin/../lib/gcc/arm-none-eabi/13.3.1/../../../../arm-none-eabi/lib/thumb/v6-m/nofp/crt0.o
LOAD main.o
LOAD BOARD/board.o
LOAD BOARD/clock_config.o
LOAD BOARD/pin_mux.o
LOAD drivers/components_functions.o
LOAD drivers/fsl_clock.o
LOAD drivers/fsl_common.o
LOAD drivers/fsl_ftfx_cache.o
LOAD drivers/fsl_gpio.o
LOAD drivers/fsl_lpsci.o
LOAD drivers/fsl_smc.o
LOAD drivers/fsl_uart.o
LOAD include/system_MKL46Z4.o
LOAD utilities/fsl_assert.o
LOAD utilities/fsl_debug_console.o
LOAD utilities/fsl_io.o
LOAD utilities/fsl_log.o
LOAD utilities/fsl_str.o
LOAD startup_MKL46Z4.o
START GROUP
LOAD /Applications/ArmGNUToolchain/13.3.rel1/arm-none-eabi/bin/../lib/gcc/arm-none-eabi/13.3.1/thumb/v6-m/nofp/libgcc.a
LOAD /Applications/ArmGNUToolchain/13.3.rel1/arm-none-eabi/bin/../lib/gcc/arm-none-eabi/13.3.1/../../../../arm-none-eabi/lib/thumb/v6-m/nofp/libc.a
END GROUP
START GROUP
LOAD /Applications/ArmGNUToolchain/13.3.rel1/arm-none-eabi/bin/../lib/gcc/arm-none-eabi/13.3.1/thumb/v6-m/nofp/libgcc.a
LOAD /Applications/ArmGNUToolchain/13.3.rel1/arm-none-eabi/bin/../lib/gcc/arm-none-eabi/13.3.1/../../../../arm-none-eabi/lib/thumb/v6-m/nofp/libc.a
LOAD /Applications/ArmGNUToolchain/13.3.rel1/arm-none-eabi/bin/../lib/gcc/arm-none-eabi/13.3.1/../../../../arm-none-eabi/lib/thumb/v6-m/nofp/libnosys.a
END GROUP
LOAD /Applications/ArmGNUToolchain/13.3.rel1/arm-none-eabi/bin/../lib/gcc/arm-none-eabi/13.3.1/thumb/v6-m/nofp/crtend.o
LOAD /Applications/ArmGNUToolchain/13.3.rel1/arm-none-eabi/bin/../lib/gcc/arm-none-eabi/13.3.1/thumb/v6-m/nofp/crtn.o
                0x00000400                        HEAP_SIZE = DEFINED (__heap_size__)?__heap_size__:0x400
                0x00000400                        STACK_SIZE = DEFINED (__stack_size__)?__stack_size__:0x400

.interrupts     0x00000000       0xc0
                0x00000000                        . = ALIGN (0x4)
 *(.isr_vector)
 .isr_vector    0x00000000       0xc0 startup_MKL46Z4.o
                0x00000000                __isr_vector
                0x000000c0                        . = ALIGN (0x4)

.flash_config   0x00000400       0x10
                0x00000400                        . = ALIGN (0x4)
 *(.FlashConfig)
 .FlashConfig   0x00000400       0x10 startup_MKL46Z4.o
                0x00000410                        . = ALIGN (0x4)

.text           0x00000410     0x4f70
                0x00000410                        . = ALIGN (0x4)
 *(.text)
 .text          0x00000410       0x80 /Applications/ArmGNUToolchain/13.3.rel1/arm-none-eabi/bin/../lib/gcc/arm-none-eabi/13.3.1/../../../../arm-none-eabi/lib/thumb/v6-m/nofp/crt0.o
                0x00000410                _stack_init
                0x0000041c                _mainCRTStartup
                0x0000041c                _start
 .text          0x00000490       0xe4 main.o
                0x00000490                update_leds
                0x000004b8                PORTC_PORTD_IRQHandler
                0x00000550                init_interrupts
 .text          0x00000574       0x38 BOARD/board.o
                0x00000574                BOARD_InitDebugConsole
 .text          0x000005ac       0xbc BOARD/clock_config.o
                0x000005ac                BOARD_BootClockRUN
                0x00000618                BOARD_BootClockVLPR
 .text          0x00000668       0x44 BOARD/pin_mux.o
                0x00000668                BOARD_InitPins
 .text          0x000006ac      0x248 drivers/components_functions.o
                0x000006ac                led_green_init
                0x000006e4                led_green_toggle
                0x000006f4                led_red_init
                0x00000730                led_red_toggle
                0x00000744                sw1_init
                0x00000790                sw2_init
                0x000007e0                is_pressed_sw1
                0x000007f0                is_pressed_sw2
                0x00000800                init_enviroment
                0x000008d4                leds_off
 .text          0x000008f4      0xf90 drivers/fsl_clock.o
                0x00000994                CLOCK_GetOsc0ErClkFreq
                0x000009bc                CLOCK_GetEr32kClkFreq
                0x00000a34                CLOCK_SetSimConfig
                0x00000a80                CLOCK_EnableUsbfs0Clock
                0x00000ae0                CLOCK_GetFllFreq
                0x00000b34                CLOCK_GetPllFllSelClkFreq
                0x00000b88                CLOCK_GetOutClkFreq
                0x00000c00                CLOCK_GetBusClkFreq
                0x00000c2c                CLOCK_GetCoreSysClkFreq
                0x00000c4c                CLOCK_GetPlatClkFreq
                0x00000c6c                CLOCK_GetFlashClkFreq
                0x00000c98                CLOCK_GetFreq
                0x00000da4                CLOCK_GetInternalRefClkFreq
                0x00000dd4                CLOCK_GetFixedFreqClkFreq
                0x00000e08                CLOCK_GetPll0Freq
                0x00000e40                CLOCK_SetExternalRefClkConfig
                0x00000e44                CLOCK_SetInternalRefClkConfig
                0x00000ec4                CLOCK_CalcPllDiv
                0x00000fd0                CLOCK_EnablePll0
                0x00001020                CLOCK_SetOsc0MonitorMode
                0x0000105c                CLOCK_SetPll0MonitorMode
                0x00001094                CLOCK_GetStatusFlags
                0x000010c4                CLOCK_ClearStatusFlags
                0x000010e4                CLOCK_InitOsc0
                0x00001150                CLOCK_DeinitOsc0
                0x0000116c                CLOCK_TrimInternalRefClk
                0x0000123c                CLOCK_GetMode
                0x00001290                CLOCK_SetFeiMode
                0x000012f4                CLOCK_SetFeeMode
                0x00001384                CLOCK_SetFbiMode
                0x000013f0                CLOCK_SetFbeMode
                0x00001474                CLOCK_SetBlpiMode
                0x00001488                CLOCK_SetBlpeMode
                0x0000149c                CLOCK_SetPbeMode
                0x00001510                CLOCK_SetPeeMode
                0x0000152c                CLOCK_ExternalModeToFbeModeQuick
                0x00001568                CLOCK_InternalModeToFbiModeQuick
                0x00001590                CLOCK_BootToFeiMode
                0x00001598                CLOCK_BootToFeeMode
                0x000015a8                CLOCK_BootToBlpiMode
                0x000015dc                CLOCK_BootToBlpeMode
                0x00001614                CLOCK_BootToPeeMode
                0x00001658                CLOCK_SetMcgConfig
 .text          0x00001884       0xe0 drivers/fsl_ftfx_cache.o
                0x00001884                FTFx_CACHE_Init
                0x000018b0                FTFx_CACHE_ClearCachePrefetchSpeculation
                0x000018d0                FTFx_CACHE_PflashSetPrefetchSpeculation
                0x00001920                FTFx_CACHE_PflashGetPrefetchSpeculation
                0x0000194c                mcm_flash_cache_clear
 .text          0x00001964      0xde8 drivers/fsl_lpsci.o
                0x0000199c                LPSCI_TransferHandleIRQ
                0x00001cf8                LPSCI_GetInstance
                0x00001d0c                LPSCI_TransferGetRxRingBufferLength
                0x00001d48                LPSCI_Init
                0x00001ec4                LPSCI_Deinit
                0x00001ef0                LPSCI_GetDefaultConfig
                0x00001f20                LPSCI_SetBaudRate
                0x0000201c                LPSCI_EnableInterrupts
                0x00002040                LPSCI_DisableInterrupts
                0x00002060                LPSCI_GetEnabledInterrupts
                0x00002078                LPSCI_GetStatusFlags
                0x00002084                LPSCI_ClearStatusFlags
                0x000020e4                LPSCI_WriteBlocking
                0x00002120                LPSCI_ReadBlocking
                0x0000221c                LPSCI_TransferCreateHandle
                0x0000228c                LPSCI_TransferStartRingBuffer
                0x00002304                LPSCI_TransferStopRingBuffer
                0x00002370                LPSCI_TransferSendNonBlocking
                0x0000240c                LPSCI_TransferAbortSend
                0x0000244c                LPSCI_TransferGetSendCount
                0x000024a0                LPSCI_TransferReceiveNonBlocking
                0x0000267c                LPSCI_TransferAbortReceive
                0x000026e4                LPSCI_TransferGetReceiveCount
                0x00002734                LPSCI_TransferHandleErrorIRQ
                0x00002738                UART0_DriverIRQHandler
 .text          0x0000274c      0x21c drivers/fsl_smc.o
                0x0000274c                SMC_PreEnterStopModes
                0x00002778                SMC_PostExitStopModes
                0x0000279c                SMC_PreEnterWaitModes
                0x000027b0                SMC_PostExitWaitModes
                0x000027c4                SMC_SetPowerModeRun
                0x000027d0                SMC_SetPowerModeWait
                0x000027ec                SMC_SetPowerModeStop
                0x0000283c                SMC_SetPowerModeVlpr
                0x0000284c                SMC_SetPowerModeVlpw
                0x00002868                SMC_SetPowerModeVlps
                0x000028b0                SMC_SetPowerModeLls
                0x000028f8                SMC_SetPowerModeVlls
 .text          0x00002968      0xd3c drivers/fsl_uart.o
                0x000029a0                UART_TransferHandleIRQ
                0x00002cc0                UART_GetInstance
                0x00002cec                UART_TransferGetRxRingBufferLength
                0x00002d28                UART_Init
                0x00002e78                UART_Deinit
                0x00002ebc                UART_GetDefaultConfig
                0x00002eec                UART_SetBaudRate
                0x00002fa4                UART_EnableInterrupts
                0x00002fc8                UART_DisableInterrupts
                0x00002fe8                UART_GetEnabledInterrupts
                0x00003000                UART_GetStatusFlags
                0x0000300c                UART_ClearStatusFlags
                0x00003054                UART_WriteBlocking
                0x00003070                UART_ReadBlocking
                0x00003104                UART_TransferCreateHandle
                0x00003198                UART_TransferStartRingBuffer
                0x00003210                UART_TransferStopRingBuffer
                0x0000327c                UART_TransferSendNonBlocking
                0x00003318                UART_TransferAbortSend
                0x00003358                UART_TransferGetSendCount
                0x000033a8                UART_TransferReceiveNonBlocking
                0x00003584                UART_TransferAbortReceive
                0x000035ec                UART_TransferGetReceiveCount
                0x00003640                UART_TransferHandleErrorIRQ
                0x00003644                UART1_DriverIRQHandler
                0x0000365c                UART1_RX_TX_DriverIRQHandler
                0x00003674                UART2_DriverIRQHandler
                0x0000368c                UART2_RX_TX_DriverIRQHandler
 .text          0x000036a4      0x158 include/system_MKL46Z4.o
                0x000036a4                SystemCoreClockUpdate
                0x000037e0                SystemInitHook
                0x000037e4                SystemInit
 .text          0x000037fc       0x20 utilities/fsl_assert.o
                0x000037fc                __assert_func
 .text          0x0000381c      0x164 utilities/fsl_debug_console.o
                0x00003874                DbgConsole_Init
                0x0000389c                DbgConsole_Deinit
                0x000038a8                DbgConsole_Flush
                0x000038b0                DbgConsole_Printf
                0x000038e8                DbgConsole_Putchar
                0x000038fc                DbgConsole_Scanf
                0x00003930                DbgConsole_Getchar
                0x00003944                _write
                0x00003968                _read
 .text          0x00003980      0x140 utilities/fsl_io.o
                0x00003980                IO_Init
                0x000039fc                IO_Deinit
                0x00003a30                IO_WaitIdle
                0x00003a6c                IO_Transfer
 .text          0x00003ac0      0x148 utilities/fsl_log.o
                0x00003ac0                LOG_Init
                0x00003ae0                LOG_Deinit
                0x00003ae8                LOG_WaitIdle
                0x00003af4                LOG_Push
                0x00003b2c                LOG_Pop
                0x00003b48                LOG_ReadLine
                0x00003bd4                LOG_ReadCharacter
 .text          0x00003c08      0x5b4 utilities/fsl_str.o
                0x00003c2c                StrFormatPrintf
                0x00003f24                StrFormatScanf
 .text          0x000041bc       0xd8 startup_MKL46Z4.o
                0x000041bc                Reset_Handler
                0x00004204                DMA0_DriverIRQHandler
                0x00004204                SPI1_DriverIRQHandler
                0x00004204                SPI0_DriverIRQHandler
                0x00004204                DMA3_DriverIRQHandler
                0x00004204                RTC_Seconds_IRQHandler
                0x00004204                MCG_IRQHandler
                0x00004204                Reserved20_IRQHandler
                0x00004204                USB0_IRQHandler
                0x00004204                PIT_IRQHandler
                0x00004204                DMA1_DriverIRQHandler
                0x00004204                I2C1_DriverIRQHandler
                0x00004204                DAC0_IRQHandler
                0x00004204                TPM1_IRQHandler
                0x00004204                LVD_LVW_IRQHandler
                0x00004204                PORTA_IRQHandler
                0x00004204                FTFA_IRQHandler
                0x00004204                LPTMR0_IRQHandler
                0x00004204                DMA2_DriverIRQHandler
                0x00004204                I2C0_DriverIRQHandler
                0x00004204                CMP0_IRQHandler
                0x00004204                I2S0_DriverIRQHandler
                0x00004204                TPM0_IRQHandler
                0x00004204                LLWU_IRQHandler
                0x00004204                TSI0_IRQHandler
                0x00004204                ADC0_IRQHandler
                0x00004204                DefaultISR
                0x00004204                TPM2_IRQHandler
                0x00004204                RTC_IRQHandler
                0x00004204                LCD_IRQHandler
                0x00004208                NMI_Handler
                0x0000420c                HardFault_Handler
                0x00004210                SVC_Handler
                0x00004214                PendSV_Handler
                0x00004218                SysTick_Handler
                0x0000421c                DMA0_IRQHandler
                0x00004220                DMA1_IRQHandler
                0x00004224                DMA2_IRQHandler
                0x00004228                DMA3_IRQHandler
                0x0000422c                I2C0_IRQHandler
                0x00004230                I2C1_IRQHandler
                0x00004234                SPI0_IRQHandler
                0x00004238                SPI1_IRQHandler
                0x0000423c                UART0_IRQHandler
                0x00004240                UART1_IRQHandler
                0x00004244                UART2_IRQHandler
                0x00004248                I2S0_IRQHandler
 .text          0x00004294      0x114 /Applications/ArmGNUToolchain/13.3.rel1/arm-none-eabi/bin/../lib/gcc/arm-none-eabi/13.3.1/thumb/v6-m/nofp/libgcc.a(_udivsi3.o)
                0x00004294                __udivsi3
                0x00004294                __aeabi_uidiv
                0x000043a0                __aeabi_uidivmod
 .text          0x000043a8      0x1d4 /Applications/ArmGNUToolchain/13.3.rel1/arm-none-eabi/bin/../lib/gcc/arm-none-eabi/13.3.1/thumb/v6-m/nofp/libgcc.a(_divsi3.o)
                0x000043a8                __aeabi_idiv
                0x000043a8                __divsi3
                0x00004574                __aeabi_idivmod
 .text          0x0000457c        0x4 /Applications/ArmGNUToolchain/13.3.rel1/arm-none-eabi/bin/../lib/gcc/arm-none-eabi/13.3.1/thumb/v6-m/nofp/libgcc.a(_dvmd_tls.o)
                0x0000457c                __aeabi_ldiv0
                0x0000457c                __aeabi_idiv0
 *(.text*)
 .text.deregister_tm_clones
                0x00004580       0x20 /Applications/ArmGNUToolchain/13.3.rel1/arm-none-eabi/bin/../lib/gcc/arm-none-eabi/13.3.1/thumb/v6-m/nofp/crtbegin.o
 .text.register_tm_clones
                0x000045a0       0x28 /Applications/ArmGNUToolchain/13.3.rel1/arm-none-eabi/bin/../lib/gcc/arm-none-eabi/13.3.1/thumb/v6-m/nofp/crtbegin.o
 .text.__do_global_dtors_aux
                0x000045c8       0x2c /Applications/ArmGNUToolchain/13.3.rel1/arm-none-eabi/bin/../lib/gcc/arm-none-eabi/13.3.1/thumb/v6-m/nofp/crtbegin.o
 .text.frame_dummy
                0x000045f4       0x24 /Applications/ArmGNUToolchain/13.3.rel1/arm-none-eabi/bin/../lib/gcc/arm-none-eabi/13.3.1/thumb/v6-m/nofp/crtbegin.o
 .text.startup  0x00004618       0x50 main.o
                0x00004618                main
 .text.exit     0x00004668       0x20 /Applications/ArmGNUToolchain/13.3.rel1/arm-none-eabi/bin/../lib/gcc/arm-none-eabi/13.3.1/../../../../arm-none-eabi/lib/thumb/v6-m/nofp/libc.a(libc_a-exit.o)
                0x00004668                exit
 .text.memset   0x00004688       0xa8 /Applications/ArmGNUToolchain/13.3.rel1/arm-none-eabi/bin/../lib/gcc/arm-none-eabi/13.3.1/../../../../arm-none-eabi/lib/thumb/v6-m/nofp/libc.a(libc_a-memset.o)
                0x00004688                memset
 .text.__libc_init_array
                0x00004730       0x48 /Applications/ArmGNUToolchain/13.3.rel1/arm-none-eabi/bin/../lib/gcc/arm-none-eabi/13.3.1/../../../../arm-none-eabi/lib/thumb/v6-m/nofp/libc.a(libc_a-init.o)
                0x00004730                __libc_init_array
 .text.__retarget_lock_acquire_recursive
                0x00004778        0x4 /Applications/ArmGNUToolchain/13.3.rel1/arm-none-eabi/bin/../lib/gcc/arm-none-eabi/13.3.1/../../../../arm-none-eabi/lib/thumb/v6-m/nofp/libc.a(libc_a-lock.o)
                0x00004778                __retarget_lock_acquire_recursive
 .text.__retarget_lock_release_recursive
                0x0000477c        0x4 /Applications/ArmGNUToolchain/13.3.rel1/arm-none-eabi/bin/../lib/gcc/arm-none-eabi/13.3.1/../../../../arm-none-eabi/lib/thumb/v6-m/nofp/libc.a(libc_a-lock.o)
                0x0000477c                __retarget_lock_release_recursive
 .text.memcpy   0x00004780       0x8c /Applications/ArmGNUToolchain/13.3.rel1/arm-none-eabi/bin/../lib/gcc/arm-none-eabi/13.3.1/../../../../arm-none-eabi/lib/thumb/v6-m/nofp/libc.a(libc_a-memcpy-stub.o)
                0x00004780                memcpy
 .text.strlen   0x0000480c       0x5c /Applications/ArmGNUToolchain/13.3.rel1/arm-none-eabi/bin/../lib/gcc/arm-none-eabi/13.3.1/../../../../arm-none-eabi/lib/thumb/v6-m/nofp/libc.a(libc_a-strlen-stub.o)
                0x0000480c                strlen
 .text.startup.register_fini
                0x00004868       0x18 /Applications/ArmGNUToolchain/13.3.rel1/arm-none-eabi/bin/../lib/gcc/arm-none-eabi/13.3.1/../../../../arm-none-eabi/lib/thumb/v6-m/nofp/libc.a(libc_a-__call_atexit.o)
 .text.__call_exitprocs
                0x00004880       0xe8 /Applications/ArmGNUToolchain/13.3.rel1/arm-none-eabi/bin/../lib/gcc/arm-none-eabi/13.3.1/../../../../arm-none-eabi/lib/thumb/v6-m/nofp/libc.a(libc_a-__call_atexit.o)
                0x00004880                __call_exitprocs
 .text.atexit   0x00004968       0x10 /Applications/ArmGNUToolchain/13.3.rel1/arm-none-eabi/bin/../lib/gcc/arm-none-eabi/13.3.1/../../../../arm-none-eabi/lib/thumb/v6-m/nofp/libc.a(libc_a-atexit.o)
                0x00004968                atexit
 .text.__libc_fini_array
                0x00004978       0x28 /Applications/ArmGNUToolchain/13.3.rel1/arm-none-eabi/bin/../lib/gcc/arm-none-eabi/13.3.1/../../../../arm-none-eabi/lib/thumb/v6-m/nofp/libc.a(libc_a-fini.o)
                0x00004978                __libc_fini_array
 .text.__register_exitproc
                0x000049a0       0xa8 /Applications/ArmGNUToolchain/13.3.rel1/arm-none-eabi/bin/../lib/gcc/arm-none-eabi/13.3.1/../../../../arm-none-eabi/lib/thumb/v6-m/nofp/libc.a(libc_a-__atexit.o)
                0x000049a0                __register_exitproc
 .text._exit    0x00004a48        0x4 /Applications/ArmGNUToolchain/13.3.rel1/arm-none-eabi/bin/../lib/gcc/arm-none-eabi/13.3.1/../../../../arm-none-eabi/lib/thumb/v6-m/nofp/libnosys.a(_exit.o)
                0x00004a48                _exit
 *(.rodata)
 .rodata        0x00004a4c       0x36 BOARD/clock_config.o
                0x00004a4c                oscConfig_BOARD_BootClockRUN
                0x00004a54                mcgConfig_BOARD_BootClockRUN
                0x00004a60                simConfig_BOARD_BootClockRUN
                0x00004a68                simConfig_BOARD_BootClockVLPR
                0x00004a70                oscConfig_BOARD_BootClockVLPR
                0x00004a78                mcgConfig_BOARD_BootClockVLPR
 *fill*         0x00004a82        0x2 
 .rodata        0x00004a84      0x138 drivers/fsl_clock.o
 .rodata        0x00004bbc       0x1c drivers/fsl_ftfx_cache.o
 .rodata        0x00004bd8      0x212 drivers/fsl_lpsci.o
 *fill*         0x00004dea        0x2 
 .rodata        0x00004dec        0x2 drivers/fsl_smc.o
 *fill*         0x00004dee        0x2 
 .rodata        0x00004df0      0x1f1 drivers/fsl_uart.o
 *fill*         0x00004fe1        0x3 
 .rodata        0x00004fe4       0x10 utilities/fsl_debug_console.o
 .rodata        0x00004ff4        0x8 utilities/fsl_io.o
 .rodata        0x00004ffc       0x2e utilities/fsl_log.o
 *fill*         0x0000502a        0x2 
 .rodata        0x0000502c      0x124 utilities/fsl_str.o
 *(.rodata*)
 .rodata.str1.4
                0x00005150      0x217 main.o
                                 0x3f (size before relaxing)
 .rodata.str1.4
                0x00005367       0x37 drivers/fsl_clock.o
 .rodata.str1.4
                0x00005367       0xae drivers/fsl_lpsci.o
 .rodata.str1.4
                0x00005367       0xa6 drivers/fsl_uart.o
 .rodata.str1.4
                0x00005367       0x3e utilities/fsl_assert.o
 .rodata.str1.4
                0x00005367       0x4a utilities/fsl_debug_console.o
 .rodata.str1.4
                0x00005367       0x1f utilities/fsl_io.o
 .rodata.str1.4
                0x00005367       0x2b utilities/fsl_log.o
 *(.glue_7)
 .glue_7        0x00005367        0x0 linker stubs
 *(.glue_7t)
 .glue_7t       0x00005367        0x0 linker stubs
 *(.eh_frame)
 *fill*         0x00005367        0x1 
 .eh_frame      0x00005368        0x0 /Applications/ArmGNUToolchain/13.3.rel1/arm-none-eabi/bin/../lib/gcc/arm-none-eabi/13.3.1/thumb/v6-m/nofp/crtbegin.o
 *(.init)
 .init          0x00005368        0x4 /Applications/ArmGNUToolchain/13.3.rel1/arm-none-eabi/bin/../lib/gcc/arm-none-eabi/13.3.1/thumb/v6-m/nofp/crti.o
                0x00005368                _init
 .init          0x0000536c        0x8 /Applications/ArmGNUToolchain/13.3.rel1/arm-none-eabi/bin/../lib/gcc/arm-none-eabi/13.3.1/thumb/v6-m/nofp/crtn.o
 *(.fini)
 .fini          0x00005374        0x4 /Applications/ArmGNUToolchain/13.3.rel1/arm-none-eabi/bin/../lib/gcc/arm-none-eabi/13.3.1/thumb/v6-m/nofp/crti.o
                0x00005374                _fini
 .fini          0x00005378        0x8 /Applications/ArmGNUToolchain/13.3.rel1/arm-none-eabi/bin/../lib/gcc/arm-none-eabi/13.3.1/thumb/v6-m/nofp/crtn.o
                0x00005380                        . = ALIGN (0x4)

.vfp11_veneer   0x00005380        0x0
 .vfp11_veneer  0x00005380        0x0 linker stubs

.v4_bx          0x00005380        0x0
 .v4_bx         0x00005380        0x0 linker stubs

.iplt           0x00005380        0x0
 .iplt          0x00005380        0x0 /Applications/ArmGNUToolchain/13.3.rel1/arm-none-eabi/bin/../lib/gcc/arm-none-eabi/13.3.1/thumb/v6-m/nofp/crtbegin.o

.ARM.extab
 *(.ARM.extab* .gnu.linkonce.armextab.*)

.ARM            0x00005380        0x8
                0x00005380                        __exidx_start = .
 *(.ARM.exidx*)
 .ARM.exidx     0x00005380        0x8 /Applications/ArmGNUToolchain/13.3.rel1/arm-none-eabi/bin/../lib/gcc/arm-none-eabi/13.3.1/../../../../arm-none-eabi/lib/thumb/v6-m/nofp/crt0.o
                                 0x10 (size before relaxing)
                0x00005388                        __exidx_end = .

.rel.dyn        0x00005388        0x0
 .rel.iplt      0x00005388        0x0 /Applications/ArmGNUToolchain/13.3.rel1/arm-none-eabi/bin/../lib/gcc/arm-none-eabi/13.3.1/thumb/v6-m/nofp/crtbegin.o

.ctors          0x00005388        0x0
                0x00005388                        __CTOR_LIST__ = .
 *crtbegin.o(.ctors)
 *crtbegin?.o(.ctors)
 *(EXCLUDE_FILE(*crtend.o *crtend?.o) .ctors)
 *(SORT_BY_NAME(.ctors.*))
 *(.ctors)
                0x00005388                        __CTOR_END__ = .

.dtors          0x00005388        0x0
                0x00005388                        __DTOR_LIST__ = .
 *crtbegin.o(.dtors)
 *crtbegin?.o(.dtors)
 *(EXCLUDE_FILE(*crtend.o *crtend?.o) .dtors)
 *(SORT_BY_NAME(.dtors.*))
 *(.dtors)
                0x00005388                        __DTOR_END__ = .

.preinit_array  0x00005388        0x0
                0x00005388                        PROVIDE (__preinit_array_start = .)
 *(.preinit_array*)
                0x00005388                        PROVIDE (__preinit_array_end = .)

.init_array     0x00005388        0x8
                0x00005388                        PROVIDE (__init_array_start = .)
 *(SORT_BY_NAME(.init_array.*))
 .init_array.00000
                0x00005388        0x4 /Applications/ArmGNUToolchain/13.3.rel1/arm-none-eabi/bin/../lib/gcc/arm-none-eabi/13.3.1/../../../../arm-none-eabi/lib/thumb/v6-m/nofp/libc.a(libc_a-__call_atexit.o)
 *(.init_array*)
 .init_array    0x0000538c        0x4 /Applications/ArmGNUToolchain/13.3.rel1/arm-none-eabi/bin/../lib/gcc/arm-none-eabi/13.3.1/thumb/v6-m/nofp/crtbegin.o
                0x00005390                        PROVIDE (__init_array_end = .)

.fini_array     0x00005390        0x4
                0x00005390                        PROVIDE (__fini_array_start = .)
 *(SORT_BY_NAME(.fini_array.*))
 *(.fini_array*)
 .fini_array    0x00005390        0x4 /Applications/ArmGNUToolchain/13.3.rel1/arm-none-eabi/bin/../lib/gcc/arm-none-eabi/13.3.1/thumb/v6-m/nofp/crtbegin.o
                0x00005394                        PROVIDE (__fini_array_end = .)
                0x00005394                        __etext = .
                0x00005394                        __DATA_ROM = .

.mtb            0x1fffe000        0x0
                0x1fffe000                        . = ALIGN (0x8)
                0x1fffe000                        _mtb_start = .
 *(.mtb_buf)
                0x1fffe000                        . = ALIGN (0x8)
                0x1fffe000                        _mtb_end = .

.data           0x1fffe000       0x18 load address 0x00005394
                0x1fffe000                        . = ALIGN (0x4)
                0x1fffe000                        __DATA_RAM = .
                0x1fffe000                        __data_start__ = .
 *(.data)
 .data          0x1fffe000        0x8 main.o
 .data          0x1fffe008        0x8 drivers/fsl_clock.o
 .data          0x1fffe010        0x4 include/system_MKL46Z4.o
                0x1fffe010                SystemCoreClock
 *(.data*)
 .data.__atexit_recursive_mutex
                0x1fffe014        0x4 /Applications/ArmGNUToolchain/13.3.rel1/arm-none-eabi/bin/../lib/gcc/arm-none-eabi/13.3.1/../../../../arm-none-eabi/lib/thumb/v6-m/nofp/libc.a(libc_a-__call_atexit.o)
                0x1fffe014                __atexit_recursive_mutex
 *(.jcr*)
                0x1fffe018                        . = ALIGN (0x4)
                0x1fffe018                        __data_end__ = .
                0x000053ac                        __DATA_END = (__DATA_ROM + (__data_end__ - __data_start__))
                0x00040000                        text_end = (ORIGIN (m_text) + LENGTH (m_text))
                0x00000001                        ASSERT ((__DATA_END <= text_end), region m_text overflowed with text and data)

.tm_clone_table
                0x1fffe018        0x0 load address 0x000053ac
 .tm_clone_table
                0x1fffe018        0x0 /Applications/ArmGNUToolchain/13.3.rel1/arm-none-eabi/bin/../lib/gcc/arm-none-eabi/13.3.1/thumb/v6-m/nofp/crtbegin.o
 .tm_clone_table
                0x1fffe018        0x0 /Applications/ArmGNUToolchain/13.3.rel1/arm-none-eabi/bin/../lib/gcc/arm-none-eabi/13.3.1/thumb/v6-m/nofp/crtend.o

.igot.plt       0x1fffe018        0x0 load address 0x000053ac
 .igot.plt      0x1fffe018        0x0 /Applications/ArmGNUToolchain/13.3.rel1/arm-none-eabi/bin/../lib/gcc/arm-none-eabi/13.3.1/thumb/v6-m/nofp/crtbegin.o

.bss            0x1fffe018      0x224 load address 0x000053ac
                0x1fffe018                        . = ALIGN (0x4)
                0x1fffe018                        __START_BSS = .
                0x1fffe018                        __bss_start__ = .
 *(.bss)
 .bss           0x1fffe018        0x8 drivers/fsl_clock.o
                0x1fffe018                g_xtal0Freq
                0x1fffe01c                g_xtal32Freq
 .bss           0x1fffe020       0x40 drivers/fsl_ftfx_cache.o
 .bss           0x1fffe060        0x8 drivers/fsl_lpsci.o
 .bss           0x1fffe068        0x4 drivers/fsl_smc.o
 .bss           0x1fffe06c       0x10 drivers/fsl_uart.o
 .bss           0x1fffe07c        0x8 utilities/fsl_io.o
 *(.bss*)
 .bss.completed.1
                0x1fffe084        0x1 /Applications/ArmGNUToolchain/13.3.rel1/arm-none-eabi/bin/../lib/gcc/arm-none-eabi/13.3.1/thumb/v6-m/nofp/crtbegin.o
 *fill*         0x1fffe085        0x3 
 .bss.object.0  0x1fffe088       0x18 /Applications/ArmGNUToolchain/13.3.rel1/arm-none-eabi/bin/../lib/gcc/arm-none-eabi/13.3.1/thumb/v6-m/nofp/crtbegin.o
 .bss.__stdio_exit_handler
                0x1fffe0a0        0x4 /Applications/ArmGNUToolchain/13.3.rel1/arm-none-eabi/bin/../lib/gcc/arm-none-eabi/13.3.1/../../../../arm-none-eabi/lib/thumb/v6-m/nofp/libc.a(libc_a-findfp.o)
                0x1fffe0a0                __stdio_exit_handler
 .bss.__lock___atexit_recursive_mutex
                0x1fffe0a4        0x1 /Applications/ArmGNUToolchain/13.3.rel1/arm-none-eabi/bin/../lib/gcc/arm-none-eabi/13.3.1/../../../../arm-none-eabi/lib/thumb/v6-m/nofp/libc.a(libc_a-lock.o)
                0x1fffe0a4                __lock___atexit_recursive_mutex
 *fill*         0x1fffe0a5        0x3 
 .bss.__atexit  0x1fffe0a8        0x4 /Applications/ArmGNUToolchain/13.3.rel1/arm-none-eabi/bin/../lib/gcc/arm-none-eabi/13.3.1/../../../../arm-none-eabi/lib/thumb/v6-m/nofp/libc.a(libc_a-__call_atexit.o)
                0x1fffe0a8                __atexit
 .bss.__atexit0
                0x1fffe0ac      0x190 /Applications/ArmGNUToolchain/13.3.rel1/arm-none-eabi/bin/../lib/gcc/arm-none-eabi/13.3.1/../../../../arm-none-eabi/lib/thumb/v6-m/nofp/libc.a(libc_a-__atexit.o)
                0x1fffe0ac                __atexit0
 *(COMMON)
                0x1fffe23c                        . = ALIGN (0x4)
                0x1fffe23c                        __bss_end__ = .
                0x1fffe23c                        __END_BSS = .

.heap           0x1fffe23c      0x404 load address 0x000055d0
                0x1fffe240                        . = ALIGN (0x8)
 *fill*         0x1fffe23c        0x4 
                0x1fffe240                        __end__ = .
                0x1fffe240                        PROVIDE (end = .)
                0x1fffe240                        __HeapBase = .
                0x1fffe640                        . = (. + HEAP_SIZE)
 *fill*         0x1fffe240      0x400 
                0x1fffe640                        __HeapLimit = .
                0x1fffe640                        __heap_limit = .

.stack          0x1fffe640      0x400 load address 0x000059d4
                0x1fffe640                        . = ALIGN (0x8)
                0x1fffea40                        . = (. + STACK_SIZE)
 *fill*         0x1fffe640      0x400 
                0x20006000                        __StackTop = (ORIGIN (m_data) + LENGTH (m_data))
                0x20005c00                        __StackLimit = (__StackTop - STACK_SIZE)
                0x20006000                        PROVIDE (__stack = __StackTop)

.ARM.attributes
                0x00000000       0x28
 *(.ARM.attributes)
 .ARM.attributes
                0x00000000       0x1e /Applications/ArmGNUToolchain/13.3.rel1/arm-none-eabi/bin/../lib/gcc/arm-none-eabi/13.3.1/thumb/v6-m/nofp/crti.o
 .ARM.attributes
                0x0000001e       0x2c /Applications/ArmGNUToolchain/13.3.rel1/arm-none-eabi/bin/../lib/gcc/arm-none-eabi/13.3.1/thumb/v6-m/nofp/crtbegin.o
 .ARM.attributes
                0x0000004a       0x1b /Applications/ArmGNUToolchain/13.3.rel1/arm-none-eabi/bin/../lib/gcc/arm-none-eabi/13.3.1/../../../../arm-none-eabi/lib/thumb/v6-m/nofp/crt0.o
 .ARM.attributes
                0x00000065       0x2c main.o
 .ARM.attributes
                0x00000091       0x2c BOARD/board.o
 .ARM.attributes
                0x000000bd       0x2c BOARD/clock_config.o
 .ARM.attributes
                0x000000e9       0x2c BOARD/pin_mux.o
 .ARM.attributes
                0x00000115       0x2c drivers/components_functions.o
 .ARM.attributes
                0x00000141       0x2c drivers/fsl_clock.o
 .ARM.attributes
                0x0000016d       0x2c drivers/fsl_ftfx_cache.o
 .ARM.attributes
                0x00000199       0x2c drivers/fsl_lpsci.o
 .ARM.attributes
                0x000001c5       0x2c drivers/fsl_smc.o
 .ARM.attributes
                0x000001f1       0x2c drivers/fsl_uart.o
 .ARM.attributes
                0x0000021d       0x2c include/system_MKL46Z4.o
 .ARM.attributes
                0x00000249       0x2c utilities/fsl_assert.o
 .ARM.attributes
                0x00000275       0x2c utilities/fsl_debug_console.o
 .ARM.attributes
                0x000002a1       0x2c utilities/fsl_io.o
 .ARM.attributes
                0x000002cd       0x2c utilities/fsl_log.o
 .ARM.attributes
                0x000002f9       0x2c utilities/fsl_str.o
 .ARM.attributes
                0x00000325       0x1b startup_MKL46Z4.o
 .ARM.attributes
                0x00000340       0x1e /Applications/ArmGNUToolchain/13.3.rel1/arm-none-eabi/bin/../lib/gcc/arm-none-eabi/13.3.1/thumb/v6-m/nofp/libgcc.a(_udivsi3.o)
 .ARM.attributes
                0x0000035e       0x1e /Applications/ArmGNUToolchain/13.3.rel1/arm-none-eabi/bin/../lib/gcc/arm-none-eabi/13.3.1/thumb/v6-m/nofp/libgcc.a(_divsi3.o)
 .ARM.attributes
                0x0000037c       0x1e /Applications/ArmGNUToolchain/13.3.rel1/arm-none-eabi/bin/../lib/gcc/arm-none-eabi/13.3.1/thumb/v6-m/nofp/libgcc.a(_dvmd_tls.o)
 .ARM.attributes
                0x0000039a       0x2c /Applications/ArmGNUToolchain/13.3.rel1/arm-none-eabi/bin/../lib/gcc/arm-none-eabi/13.3.1/../../../../arm-none-eabi/lib/thumb/v6-m/nofp/libc.a(libc_a-exit.o)
 .ARM.attributes
                0x000003c6       0x2c /Applications/ArmGNUToolchain/13.3.rel1/arm-none-eabi/bin/../lib/gcc/arm-none-eabi/13.3.1/../../../../arm-none-eabi/lib/thumb/v6-m/nofp/libc.a(libc_a-findfp.o)
 .ARM.attributes
                0x000003f2       0x2c /Applications/ArmGNUToolchain/13.3.rel1/arm-none-eabi/bin/../lib/gcc/arm-none-eabi/13.3.1/../../../../arm-none-eabi/lib/thumb/v6-m/nofp/libc.a(libc_a-memset.o)
 .ARM.attributes
                0x0000041e       0x2c /Applications/ArmGNUToolchain/13.3.rel1/arm-none-eabi/bin/../lib/gcc/arm-none-eabi/13.3.1/../../../../arm-none-eabi/lib/thumb/v6-m/nofp/libc.a(libc_a-init.o)
 .ARM.attributes
                0x0000044a       0x2c /Applications/ArmGNUToolchain/13.3.rel1/arm-none-eabi/bin/../lib/gcc/arm-none-eabi/13.3.1/../../../../arm-none-eabi/lib/thumb/v6-m/nofp/libc.a(libc_a-lock.o)
 .ARM.attributes
                0x00000476       0x2c /Applications/ArmGNUToolchain/13.3.rel1/arm-none-eabi/bin/../lib/gcc/arm-none-eabi/13.3.1/../../../../arm-none-eabi/lib/thumb/v6-m/nofp/libc.a(libc_a-memcpy-stub.o)
 .ARM.attributes
                0x000004a2       0x2c /Applications/ArmGNUToolchain/13.3.rel1/arm-none-eabi/bin/../lib/gcc/arm-none-eabi/13.3.1/../../../../arm-none-eabi/lib/thumb/v6-m/nofp/libc.a(libc_a-strlen-stub.o)
 .ARM.attributes
                0x000004ce       0x2c /Applications/ArmGNUToolchain/13.3.rel1/arm-none-eabi/bin/../lib/gcc/arm-none-eabi/13.3.1/../../../../arm-none-eabi/lib/thumb/v6-m/nofp/libc.a(libc_a-__call_atexit.o)
 .ARM.attributes
                0x000004fa       0x2c /Applications/ArmGNUToolchain/13.3.rel1/arm-none-eabi/bin/../lib/gcc/arm-none-eabi/13.3.1/../../../../arm-none-eabi/lib/thumb/v6-m/nofp/libc.a(libc_a-atexit.o)
 .ARM.attributes
                0x00000526       0x2c /Applications/ArmGNUToolchain/13.3.rel1/arm-none-eabi/bin/../lib/gcc/arm-none-eabi/13.3.1/../../../../arm-none-eabi/lib/thumb/v6-m/nofp/libc.a(libc_a-fini.o)
 .ARM.attributes
                0x00000552       0x2c /Applications/ArmGNUToolchain/13.3.rel1/arm-none-eabi/bin/../lib/gcc/arm-none-eabi/13.3.1/../../../../arm-none-eabi/lib/thumb/v6-m/nofp/libc.a(libc_a-__atexit.o)
 .ARM.attributes
                0x0000057e       0x2c /Applications/ArmGNUToolchain/13.3.rel1/arm-none-eabi/bin/../lib/gcc/arm-none-eabi/13.3.1/../../../../arm-none-eabi/lib/thumb/v6-m/nofp/libnosys.a(_exit.o)
 .ARM.attributes
                0x000005aa       0x2c /Applications/ArmGNUToolchain/13.3.rel1/arm-none-eabi/bin/../lib/gcc/arm-none-eabi/13.3.1/thumb/v6-m/nofp/crtend.o
 .ARM.attributes
                0x000005d6       0x1e /Applications/ArmGNUToolchain/13.3.rel1/arm-none-eabi/bin/../lib/gcc/arm-none-eabi/13.3.1/thumb/v6-m/nofp/crtn.o
                0x00000001                        ASSERT ((__StackLimit >= __HeapLimit), region m_data overflowed with stack and heap)
OUTPUT(program.elf elf32-littlearm)
LOAD linker stubs

.debug_line_str
                0x00000000      0x1ad
 .debug_line_str
                0x00000000      0x1ad /Applications/ArmGNUToolchain/13.3.rel1/arm-none-eabi/bin/../lib/gcc/arm-none-eabi/13.3.1/../../../../arm-none-eabi/lib/thumb/v6-m/nofp/crt0.o
                                 0xdb (size before relaxing)
 .debug_line_str
                0x000001ad       0xd2 /Applications/ArmGNUToolchain/13.3.rel1/arm-none-eabi/bin/../lib/gcc/arm-none-eabi/13.3.1/thumb/v6-m/nofp/libgcc.a(_udivsi3.o)
 .debug_line_str
                0x000001ad       0xd2 /Applications/ArmGNUToolchain/13.3.rel1/arm-none-eabi/bin/../lib/gcc/arm-none-eabi/13.3.1/thumb/v6-m/nofp/libgcc.a(_divsi3.o)
 .debug_line_str
                0x000001ad       0xd2 /Applications/ArmGNUToolchain/13.3.rel1/arm-none-eabi/bin/../lib/gcc/arm-none-eabi/13.3.1/thumb/v6-m/nofp/libgcc.a(_dvmd_tls.o)

.comment        0x00000000       0x45
 .comment       0x00000000       0x45 main.o
                                 0x46 (size before relaxing)
 .comment       0x00000045       0x46 BOARD/board.o
 .comment       0x00000045       0x46 BOARD/clock_config.o
 .comment       0x00000045       0x46 BOARD/pin_mux.o
 .comment       0x00000045       0x46 drivers/components_functions.o
 .comment       0x00000045       0x46 drivers/fsl_clock.o
 .comment       0x00000045       0x46 drivers/fsl_ftfx_cache.o
 .comment       0x00000045       0x46 drivers/fsl_lpsci.o
 .comment       0x00000045       0x46 drivers/fsl_smc.o
 .comment       0x00000045       0x46 drivers/fsl_uart.o
 .comment       0x00000045       0x46 include/system_MKL46Z4.o
 .comment       0x00000045       0x46 utilities/fsl_assert.o
 .comment       0x00000045       0x46 utilities/fsl_debug_console.o
 .comment       0x00000045       0x46 utilities/fsl_io.o
 .comment       0x00000045       0x46 utilities/fsl_log.o
 .comment       0x00000045       0x46 utilities/fsl_str.o

.debug_frame    0x00000000      0x404
 .debug_frame   0x00000000       0x20 /Applications/ArmGNUToolchain/13.3.rel1/arm-none-eabi/bin/../lib/gcc/arm-none-eabi/13.3.1/thumb/v6-m/nofp/libgcc.a(_udivsi3.o)
 .debug_frame   0x00000020       0x20 /Applications/ArmGNUToolchain/13.3.rel1/arm-none-eabi/bin/../lib/gcc/arm-none-eabi/13.3.1/thumb/v6-m/nofp/libgcc.a(_divsi3.o)
 .debug_frame   0x00000040       0x28 /Applications/ArmGNUToolchain/13.3.rel1/arm-none-eabi/bin/../lib/gcc/arm-none-eabi/13.3.1/../../../../arm-none-eabi/lib/thumb/v6-m/nofp/libc.a(libc_a-exit.o)
 .debug_frame   0x00000068      0x138 /Applications/ArmGNUToolchain/13.3.rel1/arm-none-eabi/bin/../lib/gcc/arm-none-eabi/13.3.1/../../../../arm-none-eabi/lib/thumb/v6-m/nofp/libc.a(libc_a-findfp.o)
 .debug_frame   0x000001a0       0x30 /Applications/ArmGNUToolchain/13.3.rel1/arm-none-eabi/bin/../lib/gcc/arm-none-eabi/13.3.1/../../../../arm-none-eabi/lib/thumb/v6-m/nofp/libc.a(libc_a-memset.o)
 .debug_frame   0x000001d0       0x2c /Applications/ArmGNUToolchain/13.3.rel1/arm-none-eabi/bin/../lib/gcc/arm-none-eabi/13.3.1/../../../../arm-none-eabi/lib/thumb/v6-m/nofp/libc.a(libc_a-init.o)
 .debug_frame   0x000001fc       0xb0 /Applications/ArmGNUToolchain/13.3.rel1/arm-none-eabi/bin/../lib/gcc/arm-none-eabi/13.3.1/../../../../arm-none-eabi/lib/thumb/v6-m/nofp/libc.a(libc_a-lock.o)
 .debug_frame   0x000002ac       0x30 /Applications/ArmGNUToolchain/13.3.rel1/arm-none-eabi/bin/../lib/gcc/arm-none-eabi/13.3.1/../../../../arm-none-eabi/lib/thumb/v6-m/nofp/libc.a(libc_a-memcpy-stub.o)
 .debug_frame   0x000002dc       0x28 /Applications/ArmGNUToolchain/13.3.rel1/arm-none-eabi/bin/../lib/gcc/arm-none-eabi/13.3.1/../../../../arm-none-eabi/lib/thumb/v6-m/nofp/libc.a(libc_a-strlen-stub.o)
 .debug_frame   0x00000304       0x54 /Applications/ArmGNUToolchain/13.3.rel1/arm-none-eabi/bin/../lib/gcc/arm-none-eabi/13.3.1/../../../../arm-none-eabi/lib/thumb/v6-m/nofp/libc.a(libc_a-__call_atexit.o)
 .debug_frame   0x00000358       0x28 /Applications/ArmGNUToolchain/13.3.rel1/arm-none-eabi/bin/../lib/gcc/arm-none-eabi/13.3.1/../../../../arm-none-eabi/lib/thumb/v6-m/nofp/libc.a(libc_a-atexit.o)
 .debug_frame   0x00000380       0x2c /Applications/ArmGNUToolchain/13.3.rel1/arm-none-eabi/bin/../lib/gcc/arm-none-eabi/13.3.1/../../../../arm-none-eabi/lib/thumb/v6-m/nofp/libc.a(libc_a-fini.o)
 .debug_frame   0x000003ac       0x38 /Applications/ArmGNUToolchain/13.3.rel1/arm-none-eabi/bin/../lib/gcc/arm-none-eabi/13.3.1/../../../../arm-none-eabi/lib/thumb/v6-m/nofp/libc.a(libc_a-__atexit.o)
 .debug_frame   0x000003e4       0x20 /Applications/ArmGNUToolchain/13.3.rel1/arm-none-eabi/bin/../lib/gcc/arm-none-eabi/13.3.1/../../../../arm-none-eabi/lib/thumb/v6-m/nofp/libnosys.a(_exit.o)
