Archive member included to satisfy reference by file (symbol)

/Applications/ArmGNUToolchain/13.3.rel1/arm-none-eabi/bin/../lib/gcc/arm-none-eabi/13.3.1/thumb/v6-m/nofp/libgcc.a(_udivsi3.o)
                              drivers/fsl_clock.o (__aeabi_uidiv)
/Applications/ArmGNUToolchain/13.3.rel1/arm-none-eabi/bin/../lib/gcc/arm-none-eabi/13.3.1/thumb/v6-m/nofp/libgcc.a(_divsi3.o)
                              utilities/fsl_str.o (__aeabi_idiv)
/Applications/ArmGNUToolchain/13.3.rel1/arm-none-eabi/bin/../lib/gcc/arm-none-eabi/13.3.1/thumb/v6-m/nofp/libgcc.a(_dvmd_tls.o)
                              /Applications/ArmGNUToolchain/13.3.rel1/arm-none-eabi/bin/../lib/gcc/arm-none-eabi/13.3.1/thumb/v6-m/nofp/libgcc.a(_udivsi3.o) (__aeabi_idiv0)
/Applications/ArmGNUToolchain/13.3.rel1/arm-none-eabi/bin/../lib/gcc/arm-none-eabi/13.3.1/../../../../arm-none-eabi/lib/thumb/v6-m/nofp/libc.a(libc_a-exit.o)
                              /Applications/ArmGNUToolchain/13.3.rel1/arm-none-eabi/bin/../lib/gcc/arm-none-eabi/13.3.1/../../../../arm-none-eabi/lib/thumb/v6-m/nofp/crt0.o (exit)
/Applications/ArmGNUToolchain/13.3.rel1/arm-none-eabi/bin/../lib/gcc/arm-none-eabi/13.3.1/../../../../arm-none-eabi/lib/thumb/v6-m/nofp/libc.a(libc_a-malloc.o)
                              drivers/fsl_common.o (malloc)
/Applications/ArmGNUToolchain/13.3.rel1/arm-none-eabi/bin/../lib/gcc/arm-none-eabi/13.3.1/../../../../arm-none-eabi/lib/thumb/v6-m/nofp/libc.a(libc_a-mallocr.o)
                              /Applications/ArmGNUToolchain/13.3.rel1/arm-none-eabi/bin/../lib/gcc/arm-none-eabi/13.3.1/../../../../arm-none-eabi/lib/thumb/v6-m/nofp/libc.a(libc_a-malloc.o) (_malloc_r)
/Applications/ArmGNUToolchain/13.3.rel1/arm-none-eabi/bin/../lib/gcc/arm-none-eabi/13.3.1/../../../../arm-none-eabi/lib/thumb/v6-m/nofp/libc.a(libc_a-mlock.o)
                              /Applications/ArmGNUToolchain/13.3.rel1/arm-none-eabi/bin/../lib/gcc/arm-none-eabi/13.3.1/../../../../arm-none-eabi/lib/thumb/v6-m/nofp/libc.a(libc_a-mallocr.o) (__malloc_lock)
/Applications/ArmGNUToolchain/13.3.rel1/arm-none-eabi/bin/../lib/gcc/arm-none-eabi/13.3.1/../../../../arm-none-eabi/lib/thumb/v6-m/nofp/libc.a(libc_a-findfp.o)
                              /Applications/ArmGNUToolchain/13.3.rel1/arm-none-eabi/bin/../lib/gcc/arm-none-eabi/13.3.1/../../../../arm-none-eabi/lib/thumb/v6-m/nofp/libc.a(libc_a-exit.o) (__stdio_exit_handler)
/Applications/ArmGNUToolchain/13.3.rel1/arm-none-eabi/bin/../lib/gcc/arm-none-eabi/13.3.1/../../../../arm-none-eabi/lib/thumb/v6-m/nofp/libc.a(libc_a-memset.o)
                              /Applications/ArmGNUToolchain/13.3.rel1/arm-none-eabi/bin/../lib/gcc/arm-none-eabi/13.3.1/../../../../arm-none-eabi/lib/thumb/v6-m/nofp/crt0.o (memset)
/Applications/ArmGNUToolchain/13.3.rel1/arm-none-eabi/bin/../lib/gcc/arm-none-eabi/13.3.1/../../../../arm-none-eabi/lib/thumb/v6-m/nofp/libc.a(libc_a-impure.o)
                              /Applications/ArmGNUToolchain/13.3.rel1/arm-none-eabi/bin/../lib/gcc/arm-none-eabi/13.3.1/../../../../arm-none-eabi/lib/thumb/v6-m/nofp/libc.a(libc_a-malloc.o) (_impure_ptr)
/Applications/ArmGNUToolchain/13.3.rel1/arm-none-eabi/bin/../lib/gcc/arm-none-eabi/13.3.1/../../../../arm-none-eabi/lib/thumb/v6-m/nofp/libc.a(libc_a-sbrkr.o)
                              /Applications/ArmGNUToolchain/13.3.rel1/arm-none-eabi/bin/../lib/gcc/arm-none-eabi/13.3.1/../../../../arm-none-eabi/lib/thumb/v6-m/nofp/libc.a(libc_a-mallocr.o) (_sbrk_r)
/Applications/ArmGNUToolchain/13.3.rel1/arm-none-eabi/bin/../lib/gcc/arm-none-eabi/13.3.1/../../../../arm-none-eabi/lib/thumb/v6-m/nofp/libc.a(libc_a-sysconf.o)
                              /Applications/ArmGNUToolchain/13.3.rel1/arm-none-eabi/bin/../lib/gcc/arm-none-eabi/13.3.1/../../../../arm-none-eabi/lib/thumb/v6-m/nofp/libc.a(libc_a-mallocr.o) (sysconf)
/Applications/ArmGNUToolchain/13.3.rel1/arm-none-eabi/bin/../lib/gcc/arm-none-eabi/13.3.1/../../../../arm-none-eabi/lib/thumb/v6-m/nofp/libc.a(libc_a-init.o)
                              /Applications/ArmGNUToolchain/13.3.rel1/arm-none-eabi/bin/../lib/gcc/arm-none-eabi/13.3.1/../../../../arm-none-eabi/lib/thumb/v6-m/nofp/crt0.o (__libc_init_array)
/Applications/ArmGNUToolchain/13.3.rel1/arm-none-eabi/bin/../lib/gcc/arm-none-eabi/13.3.1/../../../../arm-none-eabi/lib/thumb/v6-m/nofp/libc.a(libc_a-lock.o)
                              /Applications/ArmGNUToolchain/13.3.rel1/arm-none-eabi/bin/../lib/gcc/arm-none-eabi/13.3.1/../../../../arm-none-eabi/lib/thumb/v6-m/nofp/libc.a(libc_a-findfp.o) (__retarget_lock_init_recursive)
/Applications/ArmGNUToolchain/13.3.rel1/arm-none-eabi/bin/../lib/gcc/arm-none-eabi/13.3.1/../../../../arm-none-eabi/lib/thumb/v6-m/nofp/libc.a(libc_a-memcpy-stub.o)
                              drivers/fsl_ftfx_cache.o (memcpy)
/Applications/ArmGNUToolchain/13.3.rel1/arm-none-eabi/bin/../lib/gcc/arm-none-eabi/13.3.1/../../../../arm-none-eabi/lib/thumb/v6-m/nofp/libc.a(libc_a-strlen-stub.o)
[...]
Memory Configuration

Name             Origin             Length             Attributes
m_interrupts     0x00000000         0x00000200         xr
m_flash_config   0x00000400         0x00000010         xr
m_text           0x00000410         0x0003fbf0         xr
m_data           0x1fffe000         0x00008000         rw
*default*        0x00000000         0xffffffff

Linker script and memory map

LOAD /Applications/ArmGNUToolchain/13.3.rel1/arm-none-eabi/bin/../lib/gcc/arm-none-eabi/13.3.1/thumb/v6-m/nofp/crti.o
LOAD /Applications/ArmGNUToolchain/13.3.rel1/arm-none-eabi/bin/../lib/gcc/arm-none-eabi/13.3.1/thumb/v6-m/nofp/crtbegin.o
LOAD /Applications/ArmGNUToolchain/13.3.rel1/arm-none-eabi/bin/../lib/gcc/arm-none-eabi/13.3.1/../../../../arm-none-eabi/lib/thumb/v6-m/nofp/crt0.o
LOAD main.o
LOAD reverse1.o
LOAD reverse4.o
LOAD BOARD/board.o
LOAD BOARD/clock_config.o
LOAD BOARD/pin_mux.o
LOAD drivers/fsl_clock.o
LOAD drivers/fsl_common.o
LOAD drivers/fsl_ftfx_cache.o
LOAD drivers/fsl_gpio.o
LOAD drivers/fsl_lpsci.o
LOAD drivers/fsl_smc.o
LOAD drivers/fsl_uart.o
LOAD include/system_MKL46Z4.o
LOAD utilities/fsl_assert.o
LOAD utilities/fsl_debug_console.o
LOAD utilities/fsl_io.o
LOAD utilities/fsl_log.o
LOAD utilities/fsl_str.o
LOAD startup_MKL46Z4.o
LOAD reverse2.o
START GROUP
LOAD /Applications/ArmGNUToolchain/13.3.rel1/arm-none-eabi/bin/../lib/gcc/arm-none-eabi/13.3.1/thumb/v6-m/nofp/libgcc.a
LOAD /Applications/ArmGNUToolchain/13.3.rel1/arm-none-eabi/bin/../lib/gcc/arm-none-eabi/13.3.1/../../../../arm-none-eabi/lib/thumb/v6-m/nofp/libc.a
END GROUP
START GROUP
LOAD /Applications/ArmGNUToolchain/13.3.rel1/arm-none-eabi/bin/../lib/gcc/arm-none-eabi/13.3.1/thumb/v6-m/nofp/libgcc.a
LOAD /Applications/ArmGNUToolchain/13.3.rel1/arm-none-eabi/bin/../lib/gcc/arm-none-eabi/13.3.1/../../../../arm-none-eabi/lib/thumb/v6-m/nofp/libc.a
LOAD /Applications/ArmGNUToolchain/13.3.rel1/arm-none-eabi/bin/../lib/gcc/arm-none-eabi/13.3.1/../../../../arm-none-eabi/lib/thumb/v6-m/nofp/libnosys.a
END GROUP
LOAD /Applications/ArmGNUToolchain/13.3.rel1/arm-none-eabi/bin/../lib/gcc/arm-none-eabi/13.3.1/thumb/v6-m/nofp/crtend.o
LOAD /Applications/ArmGNUToolchain/13.3.rel1/arm-none-eabi/bin/../lib/gcc/arm-none-eabi/13.3.1/thumb/v6-m/nofp/crtn.o
                0x00000400                        HEAP_SIZE = DEFINED (__heap_size__)?__heap_size__:0x400
                0x00000400                        STACK_SIZE = DEFINED (__stack_size__)?__stack_size__:0x400

.interrupts     0x00000000       0xc0
                0x00000000                        . = ALIGN (0x4)
 *(.isr_vector)
 .isr_vector    0x00000000       0xc0 startup_MKL46Z4.o
                0x00000000                __isr_vector
                0x000000c0                        . = ALIGN (0x4)

.flash_config   0x00000400       0x10
                0x00000400                        . = ALIGN (0x4)
 *(.FlashConfig)
 .FlashConfig   0x00000400       0x10 startup_MKL46Z4.o
                0x00000410                        . = ALIGN (0x4)

.text           0x00000410     0x73e4
                0x00000410                        . = ALIGN (0x4)
 *(.text)
 .text          0x00000410       0x80 /Applications/ArmGNUToolchain/13.3.rel1/arm-none-eabi/bin/../lib/gcc/arm-none-eabi/13.3.1/../../../../arm-none-eabi/lib/thumb/v6-m/nofp/crt0.o
                0x00000410                _stack_init
                0x0000041c                _mainCRTStartup
                0x0000041c                _start
 .text          0x00000490      0x110 main.o
                0x000004ec                main
 .text          0x000005a0       0x40 reverse1.o
                0x000005a0                reverse_int1
 .text          0x000005e0       0x6c reverse4.o
                0x000005e0                reverse_int4
 .text          0x0000064c       0x68 BOARD/board.o
                0x00000684                BOARD_InitDebugConsole
 .text          0x000006b4      0x16c BOARD/clock_config.o
                0x00000760                BOARD_BootClockRUN
                0x000007c4                BOARD_BootClockVLPR
 .text          0x00000820       0xc0 BOARD/pin_mux.o
                0x00000894                BOARD_InitPins
 .text          0x000008e0     0x1ad0 drivers/fsl_clock.o
                0x00000c04                CLOCK_GetOsc0ErClkFreq
                0x00000c4c                CLOCK_GetEr32kClkFreq
                0x00000cd0                CLOCK_GetPllFllSelClkFreq
                0x00000d1c                CLOCK_GetPlatClkFreq
                0x00000d48                CLOCK_GetFlashClkFreq
                0x00000d98                CLOCK_GetBusClkFreq
                0x00000de8                CLOCK_GetCoreSysClkFreq
                0x00000e14                CLOCK_GetFreq
                0x00000ef4                CLOCK_SetSimConfig
                0x00000f2c                CLOCK_EnableUsbfs0Clock
                0x00000fb0                CLOCK_GetOutClkFreq
                0x00001028                CLOCK_GetFllFreq
                0x000010ac                CLOCK_GetInternalRefClkFreq
                0x000010d4                CLOCK_GetFixedFreqClkFreq
                0x00001104                CLOCK_GetPll0Freq
                0x00001184                CLOCK_SetExternalRefClkConfig
                0x0000119a                CLOCK_SetInternalRefClkConfig
                0x000012c0                CLOCK_CalcPllDiv
                0x00001480                CLOCK_EnablePll0
                0x00001520                CLOCK_SetOsc0MonitorMode
                0x000015a0                CLOCK_SetPll0MonitorMode
                0x00001624                CLOCK_GetStatusFlags
                0x00001690                CLOCK_ClearStatusFlags
                0x000016cc                CLOCK_InitOsc0
                0x00001760                CLOCK_DeinitOsc0
                0x00001788                CLOCK_TrimInternalRefClk
                0x000018f0                CLOCK_GetMode
                0x000019d8                CLOCK_SetFeiMode
                0x00001ab4                CLOCK_SetFeeMode
                0x00001be0                CLOCK_SetFbiMode
                0x00001cd0                CLOCK_SetFbeMode
                0x00001e1c                CLOCK_SetBlpiMode
                0x00001e3c                CLOCK_SetBlpeMode
                0x00001e5c                CLOCK_SetPbeMode
                0x00001f1c                CLOCK_SetPeeMode
                0x00001f50                CLOCK_ExternalModeToFbeModeQuick
                0x00001fbc                CLOCK_InternalModeToFbiModeQuick
                0x00002004                CLOCK_BootToFeiMode
                0x00002032                CLOCK_BootToFeeMode
                0x00002080                CLOCK_BootToBlpiMode
                0x000020f8                CLOCK_BootToBlpeMode
                0x00002174                CLOCK_BootToPeeMode
                0x000021f4                CLOCK_SetMcgConfig
 .text          0x000023b0      0x190 drivers/fsl_ftfx_cache.o
                0x000023b0                FTFx_CACHE_Init
                0x000023e8                FTFx_CACHE_ClearCachePrefetchSpeculation
                0x00002416                FTFx_CACHE_PflashSetPrefetchSpeculation
                0x00002494                FTFx_CACHE_PflashGetPrefetchSpeculation
                0x00002510                mcm_flash_cache_clear
 .text          0x00002540     0x147c drivers/fsl_lpsci.o
                0x00002610                LPSCI_GetInstance
                0x00002664                LPSCI_TransferGetRxRingBufferLength
                0x000027d8                LPSCI_Init
                0x00002a58                LPSCI_Deinit
                0x00002a8c                LPSCI_GetDefaultConfig
                0x00002ae4                LPSCI_SetBaudRate
                0x00002c9c                LPSCI_EnableInterrupts
                0x00002cf4                LPSCI_DisableInterrupts
                0x00002d58                LPSCI_GetEnabledInterrupts
                0x00002d90                LPSCI_GetStatusFlags
                0x00002db6                LPSCI_ClearStatusFlags
                0x00002e4c                LPSCI_WriteBlocking
                0x00002ea8                LPSCI_ReadBlocking
                0x00002f78                LPSCI_TransferCreateHandle
                0x00003008                LPSCI_TransferStartRingBuffer
                0x000030a0                LPSCI_TransferStopRingBuffer
                0x00003124                LPSCI_TransferSendNonBlocking
                0x000031f4                LPSCI_TransferAbortSend
                0x00003244                LPSCI_TransferGetSendCount
                0x000032b4                LPSCI_TransferReceiveNonBlocking
                0x000034ac                LPSCI_TransferAbortReceive
                0x00003524                LPSCI_TransferGetReceiveCount
                0x00003594                LPSCI_TransferHandleIRQ
                0x00003984                LPSCI_TransferHandleErrorIRQ
                0x00003996                UART0_DriverIRQHandler
 .text          0x000039bc      0x41c drivers/fsl_smc.o
                0x000039f6                SMC_PreEnterStopModes
                0x00003a2c                SMC_PostExitStopModes
                0x00003a64                SMC_PreEnterWaitModes
                0x00003a84                SMC_PostExitWaitModes
                0x00003aa4                SMC_SetPowerModeRun
                0x00003adc                SMC_SetPowerModeWait
                0x00003b0c                SMC_SetPowerModeStop
                0x00003bb0                SMC_SetPowerModeVlpr
                0x00003bec                SMC_SetPowerModeVlpw
                0x00003c1c                SMC_SetPowerModeVlps
                0x00003c90                SMC_SetPowerModeLls
                0x00003d04                SMC_SetPowerModeVlls
 .text          0x00003dd8     0x13bc drivers/fsl_uart.o
                0x00003ea8                UART_GetInstance
                0x00003f08                UART_TransferGetRxRingBufferLength
                0x00003fd0                UART_Init
                0x000041d8                UART_Deinit
                0x00004218                UART_GetDefaultConfig
                0x00004270                UART_SetBaudRate
                0x000043a0                UART_EnableInterrupts
                0x000043f8                UART_DisableInterrupts
                0x0000445c                UART_GetEnabledInterrupts
                0x00004494                UART_GetStatusFlags
                0x000044ba                UART_ClearStatusFlags
                0x00004534                UART_WriteBlocking
                0x000045c8                UART_ReadBlocking
                0x000046cc                UART_TransferCreateHandle
                0x00004768                UART_TransferStartRingBuffer
                0x00004800                UART_TransferStopRingBuffer
                0x00004884                UART_TransferSendNonBlocking
                0x00004954                UART_TransferAbortSend
                0x000049a4                UART_TransferGetSendCount
                0x00004a14                UART_TransferReceiveNonBlocking
                0x00004c0c                UART_TransferAbortReceive
                0x00004c84                UART_TransferGetReceiveCount
                0x00004d00                UART_TransferHandleIRQ
                0x00005118                UART_TransferHandleErrorIRQ
                0x0000512a                UART1_DriverIRQHandler
                0x00005150                UART1_RX_TX_DriverIRQHandler
                0x0000515e                UART2_DriverIRQHandler
                0x00005184                UART2_RX_TX_DriverIRQHandler
 .text          0x00005194      0x274 include/system_MKL46Z4.o
                0x00005194                SystemInit
                0x000051b0                SystemCoreClockUpdate
                0x000053fc                SystemInitHook
 .text          0x00005408       0x28 utilities/fsl_assert.o
                0x00005408                __assert_func
 .text          0x00005430      0x248 utilities/fsl_debug_console.o
                0x00005430                DbgConsole_Init
                0x0000547c                DbgConsole_Deinit
                0x0000548c                DbgConsole_Flush
                0x0000549c                DbgConsole_Printf
                0x00005520                DbgConsole_Putchar
                0x0000553c                DbgConsole_Scanf
                0x00005582                DbgConsole_Getchar
                0x00005608                _write
                0x00005648                _read
 .text          0x00005678      0x30c utilities/fsl_io.o
                0x00005778                IO_Init
                0x0000584c                IO_Deinit
                0x000058a4                IO_WaitIdle
                0x000058f0                IO_Transfer
 .text          0x00005984      0x210 utilities/fsl_log.o
                0x00005984                LOG_Init
                0x000059be                LOG_Deinit
                0x000059cc                LOG_WaitIdle
                0x000059dc                LOG_Push
                0x00005a1c                LOG_Pop
                0x00005a66                LOG_ReadLine
                0x00005b1c                LOG_ReadCharacter
 .text          0x00005b94      0x9ac utilities/fsl_str.o
                0x00005d28                StrFormatPrintf
                0x0000604c                StrFormatScanf
 .text          0x00006540       0xd8 startup_MKL46Z4.o
                0x00006540                Reset_Handler
                0x00006588                DMA0_DriverIRQHandler
                0x00006588                SPI1_DriverIRQHandler
                0x00006588                I2C1_DriverIRQHandler
                0x00006588                DMA3_DriverIRQHandler
                0x00006588                RTC_Seconds_IRQHandler
                0x00006588                MCG_IRQHandler
                0x00006588                Reserved20_IRQHandler
                0x00006588                USB0_IRQHandler
                0x00006588                PIT_IRQHandler
                0x00006588                DMA1_DriverIRQHandler
                0x00006588                DAC0_IRQHandler
                0x00006588                SPI0_DriverIRQHandler
                0x00006588                TPM1_IRQHandler
                0x00006588                LVD_LVW_IRQHandler
                0x00006588                PORTA_IRQHandler
                0x00006588                FTFA_IRQHandler
                0x00006588                LPTMR0_IRQHandler
                0x00006588                DMA2_DriverIRQHandler
                0x00006588                I2C0_DriverIRQHandler
                0x00006588                CMP0_IRQHandler
                0x00006588                PORTC_PORTD_IRQHandler
                0x00006588                I2S0_DriverIRQHandler
                0x00006588                TPM0_IRQHandler
                0x00006588                LLWU_IRQHandler
                0x00006588                TSI0_IRQHandler
                0x00006588                ADC0_IRQHandler
                0x00006588                DefaultISR
                0x00006588                TPM2_IRQHandler
                0x00006588                RTC_IRQHandler
                0x00006588                LCD_IRQHandler
                0x0000658c                NMI_Handler
                0x00006590                HardFault_Handler
                0x00006594                SVC_Handler
                0x00006598                PendSV_Handler
                0x0000659c                SysTick_Handler
                0x000065a0                DMA0_IRQHandler
                0x000065a4                DMA1_IRQHandler
                0x000065a8                DMA2_IRQHandler
                0x000065ac                DMA3_IRQHandler
                0x000065b0                I2C0_IRQHandler
                0x000065b4                I2C1_IRQHandler
                0x000065b8                SPI0_IRQHandler
                0x000065bc                SPI1_IRQHandler
                0x000065c0                UART0_IRQHandler
                0x000065c4                UART1_IRQHandler
                0x000065c8                UART2_IRQHandler
                0x000065cc                I2S0_IRQHandler
 .text          0x00006618       0x16 reverse2.o
                0x00006618                reverse_int2
 *fill*         0x0000662e        0x2 
 .text          0x00006630      0x114 /Applications/ArmGNUToolchain/13.3.rel1/arm-none-eabi/bin/../lib/gcc/arm-none-eabi/13.3.1/thumb/v6-m/nofp/libgcc.a(_udivsi3.o)
                0x00006630                __udivsi3
                0x00006630                __aeabi_uidiv
                0x0000673c                __aeabi_uidivmod
 .text          0x00006744      0x1d4 /Applications/ArmGNUToolchain/13.3.rel1/arm-none-eabi/bin/../lib/gcc/arm-none-eabi/13.3.1/thumb/v6-m/nofp/libgcc.a(_divsi3.o)
                0x00006744                __aeabi_idiv
                0x00006744                __divsi3
                0x00006910                __aeabi_idivmod
 .text          0x00006918        0x4 /Applications/ArmGNUToolchain/13.3.rel1/arm-none-eabi/bin/../lib/gcc/arm-none-eabi/13.3.1/thumb/v6-m/nofp/libgcc.a(_dvmd_tls.o)
                0x00006918                __aeabi_ldiv0
                0x00006918                __aeabi_idiv0
 *(.text*)
 .text.deregister_tm_clones
                0x0000691c       0x20 /Applications/ArmGNUToolchain/13.3.rel1/arm-none-eabi/bin/../lib/gcc/arm-none-eabi/13.3.1/thumb/v6-m/nofp/crtbegin.o
 .text.register_tm_clones
                0x0000693c       0x28 /Applications/ArmGNUToolchain/13.3.rel1/arm-none-eabi/bin/../lib/gcc/arm-none-eabi/13.3.1/thumb/v6-m/nofp/crtbegin.o
 .text.__do_global_dtors_aux
                0x00006964       0x2c /Applications/ArmGNUToolchain/13.3.rel1/arm-none-eabi/bin/../lib/gcc/arm-none-eabi/13.3.1/thumb/v6-m/nofp/crtbegin.o
 .text.frame_dummy
                0x00006990       0x24 /Applications/ArmGNUToolchain/13.3.rel1/arm-none-eabi/bin/../lib/gcc/arm-none-eabi/13.3.1/thumb/v6-m/nofp/crtbegin.o
 .text.exit     0x000069b4       0x20 /Applications/ArmGNUToolchain/13.3.rel1/arm-none-eabi/bin/../lib/gcc/arm-none-eabi/13.3.1/../../../../arm-none-eabi/lib/thumb/v6-m/nofp/libc.a(libc_a-exit.o)
                0x000069b4                exit
 .text.memset   0x000069d4       0xa8 /Applications/ArmGNUToolchain/13.3.rel1/arm-none-eabi/bin/../lib/gcc/arm-none-eabi/13.3.1/../../../../arm-none-eabi/lib/thumb/v6-m/nofp/libc.a(libc_a-memset.o)
                0x000069d4                memset
 .text.__libc_init_array
                0x00006a7c       0x48 /Applications/ArmGNUToolchain/13.3.rel1/arm-none-eabi/bin/../lib/gcc/arm-none-eabi/13.3.1/../../../../arm-none-eabi/lib/thumb/v6-m/nofp/libc.a(libc_a-init.o)
                0x00006a7c                __libc_init_array
 .text.__retarget_lock_acquire_recursive
                0x00006ac4        0x4 /Applications/ArmGNUToolchain/13.3.rel1/arm-none-eabi/bin/../lib/gcc/arm-none-eabi/13.3.1/../../../../arm-none-eabi/lib/thumb/v6-m/nofp/libc.a(libc_a-lock.o)
                0x00006ac4                __retarget_lock_acquire_recursive
 .text.__retarget_lock_release_recursive
                0x00006ac8        0x4 /Applications/ArmGNUToolchain/13.3.rel1/arm-none-eabi/bin/../lib/gcc/arm-none-eabi/13.3.1/../../../../arm-none-eabi/lib/thumb/v6-m/nofp/libc.a(libc_a-lock.o)
                0x00006ac8                __retarget_lock_release_recursive
 .text.memcpy   0x00006acc       0x8c /Applications/ArmGNUToolchain/13.3.rel1/arm-none-eabi/bin/../lib/gcc/arm-none-eabi/13.3.1/../../../../arm-none-eabi/lib/thumb/v6-m/nofp/libc.a(libc_a-memcpy-stub.o)
                0x00006acc                memcpy
 .text.strlen   0x00006b58       0x5c /Applications/ArmGNUToolchain/13.3.rel1/arm-none-eabi/bin/../lib/gcc/arm-none-eabi/13.3.1/../../../../arm-none-eabi/lib/thumb/v6-m/nofp/libc.a(libc_a-strlen-stub.o)
                0x00006b58                strlen
 .text.startup.register_fini
                0x00006bb4       0x18 /Applications/ArmGNUToolchain/13.3.rel1/arm-none-eabi/bin/../lib/gcc/arm-none-eabi/13.3.1/../../../../arm-none-eabi/lib/thumb/v6-m/nofp/libc.a(libc_a-__call_atexit.o)
 .text.__call_exitprocs
                0x00006bcc       0xe8 /Applications/ArmGNUToolchain/13.3.rel1/arm-none-eabi/bin/../lib/gcc/arm-none-eabi/13.3.1/../../../../arm-none-eabi/lib/thumb/v6-m/nofp/libc.a(libc_a-__call_atexit.o)
                0x00006bcc                __call_exitprocs
 .text.atexit   0x00006cb4       0x10 /Applications/ArmGNUToolchain/13.3.rel1/arm-none-eabi/bin/../lib/gcc/arm-none-eabi/13.3.1/../../../../arm-none-eabi/lib/thumb/v6-m/nofp/libc.a(libc_a-atexit.o)
                0x00006cb4                atexit
 .text.__libc_fini_array
                0x00006cc4       0x28 /Applications/ArmGNUToolchain/13.3.rel1/arm-none-eabi/bin/../lib/gcc/arm-none-eabi/13.3.1/../../../../arm-none-eabi/lib/thumb/v6-m/nofp/libc.a(libc_a-fini.o)
                0x00006cc4                __libc_fini_array
 .text.__register_exitproc
                0x00006cec       0xa8 /Applications/ArmGNUToolchain/13.3.rel1/arm-none-eabi/bin/../lib/gcc/arm-none-eabi/13.3.1/../../../../arm-none-eabi/lib/thumb/v6-m/nofp/libc.a(libc_a-__atexit.o)
                0x00006cec                __register_exitproc
 .text._exit    0x00006d94        0x4 /Applications/ArmGNUToolchain/13.3.rel1/arm-none-eabi/bin/../lib/gcc/arm-none-eabi/13.3.1/../../../../arm-none-eabi/lib/thumb/v6-m/nofp/libnosys.a(_exit.o)
                0x00006d94                _exit
 *(.rodata)
 .rodata        0x00006d98       0x8d main.o
 *fill*         0x00006e25        0x3 
 .rodata        0x00006e28       0x38 BOARD/clock_config.o
                0x00006e28                mcgConfig_BOARD_BootClockRUN
                0x00006e34                simConfig_BOARD_BootClockRUN
                0x00006e3c                oscConfig_BOARD_BootClockRUN
                0x00006e44                mcgConfig_BOARD_BootClockVLPR
                0x00006e50                simConfig_BOARD_BootClockVLPR
                0x00006e58                oscConfig_BOARD_BootClockVLPR
 .rodata        0x00006e60      0x190 drivers/fsl_clock.o
 .rodata        0x00006ff0       0x1c drivers/fsl_ftfx_cache.o
 .rodata        0x0000700c      0x2d0 drivers/fsl_lpsci.o
 .rodata        0x000072dc        0x2 drivers/fsl_smc.o
 *fill*         0x000072de        0x2 
 .rodata        0x000072e0      0x2b7 drivers/fsl_uart.o
 *fill*         0x00007597        0x1 
 .rodata        0x00007598       0x3e utilities/fsl_assert.o
 *fill*         0x000075d6        0x2 
 .rodata        0x000075d8       0x5c utilities/fsl_debug_console.o
 .rodata        0x00007634       0x28 utilities/fsl_io.o
 .rodata        0x0000765c       0x5a utilities/fsl_log.o
 *fill*         0x000076b6        0x2 
 .rodata        0x000076b8      0x124 utilities/fsl_str.o
 *(.rodata*)
 *(.glue_7)
 .glue_7        0x000077dc        0x0 linker stubs
 *(.glue_7t)
 .glue_7t       0x000077dc        0x0 linker stubs
 *(.eh_frame)
 .eh_frame      0x000077dc        0x0 /Applications/ArmGNUToolchain/13.3.rel1/arm-none-eabi/bin/../lib/gcc/arm-none-eabi/13.3.1/thumb/v6-m/nofp/crtbegin.o
 *(.init)
 .init          0x000077dc        0x4 /Applications/ArmGNUToolchain/13.3.rel1/arm-none-eabi/bin/../lib/gcc/arm-none-eabi/13.3.1/thumb/v6-m/nofp/crti.o
                0x000077dc                _init
 .init          0x000077e0        0x8 /Applications/ArmGNUToolchain/13.3.rel1/arm-none-eabi/bin/../lib/gcc/arm-none-eabi/13.3.1/thumb/v6-m/nofp/crtn.o
 *(.fini)
 .fini          0x000077e8        0x4 /Applications/ArmGNUToolchain/13.3.rel1/arm-none-eabi/bin/../lib/gcc/arm-none-eabi/13.3.1/thumb/v6-m/nofp/crti.o
                0x000077e8                _fini
 .fini          0x000077ec        0x8 /Applications/ArmGNUToolchain/13.3.rel1/arm-none-eabi/bin/../lib/gcc/arm-none-eabi/13.3.1/thumb/v6-m/nofp/crtn.o
                0x000077f4                        . = ALIGN (0x4)

.vfp11_veneer   0x000077f4        0x0
 .vfp11_veneer  0x000077f4        0x0 linker stubs

.v4_bx          0x000077f4        0x0
 .v4_bx         0x000077f4        0x0 linker stubs

.iplt           0x000077f4        0x0
 .iplt          0x000077f4        0x0 /Applications/ArmGNUToolchain/13.3.rel1/arm-none-eabi/bin/../lib/gcc/arm-none-eabi/13.3.1/thumb/v6-m/nofp/crtbegin.o

.ARM.extab
 *(.ARM.extab* .gnu.linkonce.armextab.*)

.ARM            0x000077f4        0x8
                0x000077f4                        __exidx_start = .
 *(.ARM.exidx*)
 .ARM.exidx     0x000077f4        0x8 /Applications/ArmGNUToolchain/13.3.rel1/arm-none-eabi/bin/../lib/gcc/arm-none-eabi/13.3.1/../../../../arm-none-eabi/lib/thumb/v6-m/nofp/crt0.o
                                 0x10 (size before relaxing)
                0x000077fc                        __exidx_end = .

.rel.dyn        0x000077fc        0x0
 .rel.iplt      0x000077fc        0x0 /Applications/ArmGNUToolchain/13.3.rel1/arm-none-eabi/bin/../lib/gcc/arm-none-eabi/13.3.1/thumb/v6-m/nofp/crtbegin.o

.ctors          0x000077fc        0x0
                0x000077fc                        __CTOR_LIST__ = .
 *crtbegin.o(.ctors)
 *crtbegin?.o(.ctors)
 *(EXCLUDE_FILE(*crtend.o *crtend?.o) .ctors)
 *(SORT_BY_NAME(.ctors.*))
 *(.ctors)
                0x000077fc                        __CTOR_END__ = .

.dtors          0x000077fc        0x0
                0x000077fc                        __DTOR_LIST__ = .
 *crtbegin.o(.dtors)
 *crtbegin?.o(.dtors)
 *(EXCLUDE_FILE(*crtend.o *crtend?.o) .dtors)
 *(SORT_BY_NAME(.dtors.*))
 *(.dtors)
                0x000077fc                        __DTOR_END__ = .

.preinit_array  0x000077fc        0x0
                0x000077fc                        PROVIDE (__preinit_array_start = .)
 *(.preinit_array*)
                0x000077fc                        PROVIDE (__preinit_array_end = .)

.init_array     0x000077fc        0x8
                0x000077fc                        PROVIDE (__init_array_start = .)
 *(SORT_BY_NAME(.init_array.*))
 .init_array.00000
                0x000077fc        0x4 /Applications/ArmGNUToolchain/13.3.rel1/arm-none-eabi/bin/../lib/gcc/arm-none-eabi/13.3.1/../../../../arm-none-eabi/lib/thumb/v6-m/nofp/libc.a(libc_a-__call_atexit.o)
 *(.init_array*)
 .init_array    0x00007800        0x4 /Applications/ArmGNUToolchain/13.3.rel1/arm-none-eabi/bin/../lib/gcc/arm-none-eabi/13.3.1/thumb/v6-m/nofp/crtbegin.o
                0x00007804                        PROVIDE (__init_array_end = .)

.fini_array     0x00007804        0x4
                0x00007804                        PROVIDE (__fini_array_start = .)
 *(SORT_BY_NAME(.fini_array.*))
 *(.fini_array*)
 .fini_array    0x00007804        0x4 /Applications/ArmGNUToolchain/13.3.rel1/arm-none-eabi/bin/../lib/gcc/arm-none-eabi/13.3.1/thumb/v6-m/nofp/crtbegin.o
                0x00007808                        PROVIDE (__fini_array_end = .)
                0x00007808                        __etext = .
                0x00007808                        __DATA_ROM = .

.mtb            0x1fffe000        0x0
                0x1fffe000                        . = ALIGN (0x8)
                0x1fffe000                        _mtb_start = .
 *(.mtb_buf)
                0x1fffe000                        . = ALIGN (0x8)
                0x1fffe000                        _mtb_end = .

.data           0x1fffe000       0x10 load address 0x00007808
                0x1fffe000                        . = ALIGN (0x4)
                0x1fffe000                        __DATA_RAM = .
                0x1fffe000                        __data_start__ = .
 *(.data)
 .data          0x1fffe000        0x8 drivers/fsl_clock.o
 .data          0x1fffe008        0x4 include/system_MKL46Z4.o
                0x1fffe008                SystemCoreClock
 *(.data*)
 .data.__atexit_recursive_mutex
                0x1fffe00c        0x4 /Applications/ArmGNUToolchain/13.3.rel1/arm-none-eabi/bin/../lib/gcc/arm-none-eabi/13.3.1/../../../../arm-none-eabi/lib/thumb/v6-m/nofp/libc.a(libc_a-__call_atexit.o)
                0x1fffe00c                __atexit_recursive_mutex
 *(.jcr*)
                0x1fffe010                        . = ALIGN (0x4)
                0x1fffe010                        __data_end__ = .
                0x00007818                        __DATA_END = (__DATA_ROM + (__data_end__ - __data_start__))
                0x00040000                        text_end = (ORIGIN (m_text) + LENGTH (m_text))
                0x00000001                        ASSERT ((__DATA_END <= text_end), region m_text overflowed with text and data)

.tm_clone_table
                0x1fffe010        0x0 load address 0x00007818
 .tm_clone_table
                0x1fffe010        0x0 /Applications/ArmGNUToolchain/13.3.rel1/arm-none-eabi/bin/../lib/gcc/arm-none-eabi/13.3.1/thumb/v6-m/nofp/crtbegin.o
 .tm_clone_table
                0x1fffe010        0x0 /Applications/ArmGNUToolchain/13.3.rel1/arm-none-eabi/bin/../lib/gcc/arm-none-eabi/13.3.1/thumb/v6-m/nofp/crtend.o

.igot.plt       0x1fffe010        0x0 load address 0x00007818
 .igot.plt      0x1fffe010        0x0 /Applications/ArmGNUToolchain/13.3.rel1/arm-none-eabi/bin/../lib/gcc/arm-none-eabi/13.3.1/thumb/v6-m/nofp/crtbegin.o

.bss            0x1fffe010      0x224 load address 0x00007818
                0x1fffe010                        . = ALIGN (0x4)
                0x1fffe010                        __START_BSS = .
                0x1fffe010                        __bss_start__ = .
 *(.bss)
 .bss           0x1fffe010        0x8 drivers/fsl_clock.o
                0x1fffe010                g_xtal0Freq
                0x1fffe014                g_xtal32Freq
 .bss           0x1fffe018       0x40 drivers/fsl_ftfx_cache.o
 .bss           0x1fffe058        0x8 drivers/fsl_lpsci.o
 .bss           0x1fffe060        0x4 drivers/fsl_smc.o
 .bss           0x1fffe064       0x10 drivers/fsl_uart.o
 .bss           0x1fffe074        0x8 utilities/fsl_io.o
 *(.bss*)
 .bss.completed.1
                0x1fffe07c        0x1 /Applications/ArmGNUToolchain/13.3.rel1/arm-none-eabi/bin/../lib/gcc/arm-none-eabi/13.3.1/thumb/v6-m/nofp/crtbegin.o
 *fill*         0x1fffe07d        0x3 
 .bss.object.0  0x1fffe080       0x18 /Applications/ArmGNUToolchain/13.3.rel1/arm-none-eabi/bin/../lib/gcc/arm-none-eabi/13.3.1/thumb/v6-m/nofp/crtbegin.o
 .bss.__stdio_exit_handler
                0x1fffe098        0x4 /Applications/ArmGNUToolchain/13.3.rel1/arm-none-eabi/bin/../lib/gcc/arm-none-eabi/13.3.1/../../../../arm-none-eabi/lib/thumb/v6-m/nofp/libc.a(libc_a-findfp.o)
                0x1fffe098                __stdio_exit_handler
 .bss.__lock___atexit_recursive_mutex
                0x1fffe09c        0x1 /Applications/ArmGNUToolchain/13.3.rel1/arm-none-eabi/bin/../lib/gcc/arm-none-eabi/13.3.1/../../../../arm-none-eabi/lib/thumb/v6-m/nofp/libc.a(libc_a-lock.o)
                0x1fffe09c                __lock___atexit_recursive_mutex
 *fill*         0x1fffe09d        0x3 
 .bss.__atexit  0x1fffe0a0        0x4 /Applications/ArmGNUToolchain/13.3.rel1/arm-none-eabi/bin/../lib/gcc/arm-none-eabi/13.3.1/../../../../arm-none-eabi/lib/thumb/v6-m/nofp/libc.a(libc_a-__call_atexit.o)
                0x1fffe0a0                __atexit
 .bss.__atexit0
                0x1fffe0a4      0x190 /Applications/ArmGNUToolchain/13.3.rel1/arm-none-eabi/bin/../lib/gcc/arm-none-eabi/13.3.1/../../../../arm-none-eabi/lib/thumb/v6-m/nofp/libc.a(libc_a-__atexit.o)
                0x1fffe0a4                __atexit0
 *(COMMON)
                0x1fffe234                        . = ALIGN (0x4)
                0x1fffe234                        __bss_end__ = .
                0x1fffe234                        __END_BSS = .

.heap           0x1fffe234      0x404 load address 0x00007a3c
                0x1fffe238                        . = ALIGN (0x8)
 *fill*         0x1fffe234        0x4 
                0x1fffe238                        __end__ = .
                0x1fffe238                        PROVIDE (end = .)
                0x1fffe238                        __HeapBase = .
                0x1fffe638                        . = (. + HEAP_SIZE)
 *fill*         0x1fffe238      0x400 
                0x1fffe638                        __HeapLimit = .
                0x1fffe638                        __heap_limit = .

.stack          0x1fffe638      0x400 load address 0x00007e40
                0x1fffe638                        . = ALIGN (0x8)
                0x1fffea38                        . = (. + STACK_SIZE)
 *fill*         0x1fffe638      0x400 
                0x20006000                        __StackTop = (ORIGIN (m_data) + LENGTH (m_data))
                0x20005c00                        __StackLimit = (__StackTop - STACK_SIZE)
                0x20006000                        PROVIDE (__stack = __StackTop)

.ARM.attributes
                0x00000000       0x28
 *(.ARM.attributes)
 .ARM.attributes
                0x00000000       0x1e /Applications/ArmGNUToolchain/13.3.rel1/arm-none-eabi/bin/../lib/gcc/arm-none-eabi/13.3.1/thumb/v6-m/nofp/crti.o
 .ARM.attributes
                0x0000001e       0x2c /Applications/ArmGNUToolchain/13.3.rel1/arm-none-eabi/bin/../lib/gcc/arm-none-eabi/13.3.1/thumb/v6-m/nofp/crtbegin.o
 .ARM.attributes
                0x0000004a       0x1b /Applications/ArmGNUToolchain/13.3.rel1/arm-none-eabi/bin/../lib/gcc/arm-none-eabi/13.3.1/../../../../arm-none-eabi/lib/thumb/v6-m/nofp/crt0.o
 .ARM.attributes
                0x00000065       0x2c main.o
 .ARM.attributes
                0x00000091       0x2c reverse1.o
 .ARM.attributes
                0x000000bd       0x2c reverse4.o
 .ARM.attributes
                0x000000e9       0x2c BOARD/board.o
 .ARM.attributes
                0x00000115       0x2c BOARD/clock_config.o
 .ARM.attributes
                0x00000141       0x2c BOARD/pin_mux.o
 .ARM.attributes
                0x0000016d       0x2c drivers/fsl_clock.o
 .ARM.attributes
                0x00000199       0x2c drivers/fsl_ftfx_cache.o
 .ARM.attributes
                0x000001c5       0x2c drivers/fsl_lpsci.o
 .ARM.attributes
                0x000001f1       0x2c drivers/fsl_smc.o
 .ARM.attributes
                0x0000021d       0x2c drivers/fsl_uart.o
 .ARM.attributes
                0x00000249       0x2c include/system_MKL46Z4.o
 .ARM.attributes
                0x00000275       0x2c utilities/fsl_assert.o
 .ARM.attributes
                0x000002a1       0x2c utilities/fsl_debug_console.o
 .ARM.attributes
                0x000002cd       0x2c utilities/fsl_io.o
 .ARM.attributes
                0x000002f9       0x2c utilities/fsl_log.o
 .ARM.attributes
                0x00000325       0x2c utilities/fsl_str.o
 .ARM.attributes
                0x00000351       0x1b startup_MKL46Z4.o
 .ARM.attributes
                0x0000036c       0x22 reverse2.o
 .ARM.attributes
                0x0000038e       0x1e /Applications/ArmGNUToolchain/13.3.rel1/arm-none-eabi/bin/../lib/gcc/arm-none-eabi/13.3.1/thumb/v6-m/nofp/libgcc.a(_udivsi3.o)
 .ARM.attributes
                0x000003ac       0x1e /Applications/ArmGNUToolchain/13.3.rel1/arm-none-eabi/bin/../lib/gcc/arm-none-eabi/13.3.1/thumb/v6-m/nofp/libgcc.a(_divsi3.o)
 .ARM.attributes
                0x000003ca       0x1e /Applications/ArmGNUToolchain/13.3.rel1/arm-none-eabi/bin/../lib/gcc/arm-none-eabi/13.3.1/thumb/v6-m/nofp/libgcc.a(_dvmd_tls.o)
 .ARM.attributes
                0x000003e8       0x2c /Applications/ArmGNUToolchain/13.3.rel1/arm-none-eabi/bin/../lib/gcc/arm-none-eabi/13.3.1/../../../../arm-none-eabi/lib/thumb/v6-m/nofp/libc.a(libc_a-exit.o)
 .ARM.attributes
                0x00000414       0x2c /Applications/ArmGNUToolchain/13.3.rel1/arm-none-eabi/bin/../lib/gcc/arm-none-eabi/13.3.1/../../../../arm-none-eabi/lib/thumb/v6-m/nofp/libc.a(libc_a-findfp.o)
 .ARM.attributes
                0x00000440       0x2c /Applications/ArmGNUToolchain/13.3.rel1/arm-none-eabi/bin/../lib/gcc/arm-none-eabi/13.3.1/../../../../arm-none-eabi/lib/thumb/v6-m/nofp/libc.a(libc_a-memset.o)
 .ARM.attributes
                0x0000046c       0x2c /Applications/ArmGNUToolchain/13.3.rel1/arm-none-eabi/bin/../lib/gcc/arm-none-eabi/13.3.1/../../../../arm-none-eabi/lib/thumb/v6-m/nofp/libc.a(libc_a-init.o)
 .ARM.attributes
                0x00000498       0x2c /Applications/ArmGNUToolchain/13.3.rel1/arm-none-eabi/bin/../lib/gcc/arm-none-eabi/13.3.1/../../../../arm-none-eabi/lib/thumb/v6-m/nofp/libc.a(libc_a-lock.o)
 .ARM.attributes
                0x000004c4       0x2c /Applications/ArmGNUToolchain/13.3.rel1/arm-none-eabi/bin/../lib/gcc/arm-none-eabi/13.3.1/../../../../arm-none-eabi/lib/thumb/v6-m/nofp/libc.a(libc_a-memcpy-stub.o)
 .ARM.attributes
                0x000004f0       0x2c /Applications/ArmGNUToolchain/13.3.rel1/arm-none-eabi/bin/../lib/gcc/arm-none-eabi/13.3.1/../../../../arm-none-eabi/lib/thumb/v6-m/nofp/libc.a(libc_a-strlen-stub.o)
 .ARM.attributes
                0x0000051c       0x2c /Applications/ArmGNUToolchain/13.3.rel1/arm-none-eabi/bin/../lib/gcc/arm-none-eabi/13.3.1/../../../../arm-none-eabi/lib/thumb/v6-m/nofp/libc.a(libc_a-__call_atexit.o)
 .ARM.attributes
                0x00000548       0x2c /Applications/ArmGNUToolchain/13.3.rel1/arm-none-eabi/bin/../lib/gcc/arm-none-eabi/13.3.1/../../../../arm-none-eabi/lib/thumb/v6-m/nofp/libc.a(libc_a-atexit.o)
 .ARM.attributes
                0x00000574       0x2c /Applications/ArmGNUToolchain/13.3.rel1/arm-none-eabi/bin/../lib/gcc/arm-none-eabi/13.3.1/../../../../arm-none-eabi/lib/thumb/v6-m/nofp/libc.a(libc_a-fini.o)
 .ARM.attributes
                0x000005a0       0x2c /Applications/ArmGNUToolchain/13.3.rel1/arm-none-eabi/bin/../lib/gcc/arm-none-eabi/13.3.1/../../../../arm-none-eabi/lib/thumb/v6-m/nofp/libc.a(libc_a-__atexit.o)
 .ARM.attributes
                0x000005cc       0x2c /Applications/ArmGNUToolchain/13.3.rel1/arm-none-eabi/bin/../lib/gcc/arm-none-eabi/13.3.1/../../../../arm-none-eabi/lib/thumb/v6-m/nofp/libnosys.a(_exit.o)
 .ARM.attributes
                0x000005f8       0x2c /Applications/ArmGNUToolchain/13.3.rel1/arm-none-eabi/bin/../lib/gcc/arm-none-eabi/13.3.1/thumb/v6-m/nofp/crtend.o
 .ARM.attributes
                0x00000624       0x1e /Applications/ArmGNUToolchain/13.3.rel1/arm-none-eabi/bin/../lib/gcc/arm-none-eabi/13.3.1/thumb/v6-m/nofp/crtn.o
                0x00000001                        ASSERT ((__StackLimit >= __HeapLimit), region m_data overflowed with stack and heap)
OUTPUT(program.elf elf32-littlearm)
LOAD linker stubs

.debug_line_str
                0x00000000      0x1ad
 .debug_line_str
                0x00000000      0x1ad /Applications/ArmGNUToolchain/13.3.rel1/arm-none-eabi/bin/../lib/gcc/arm-none-eabi/13.3.1/../../../../arm-none-eabi/lib/thumb/v6-m/nofp/crt0.o
                                 0xdb (size before relaxing)
 .debug_line_str
                0x000001ad       0xd2 /Applications/ArmGNUToolchain/13.3.rel1/arm-none-eabi/bin/../lib/gcc/arm-none-eabi/13.3.1/thumb/v6-m/nofp/libgcc.a(_udivsi3.o)
 .debug_line_str
                0x000001ad       0xd2 /Applications/ArmGNUToolchain/13.3.rel1/arm-none-eabi/bin/../lib/gcc/arm-none-eabi/13.3.1/thumb/v6-m/nofp/libgcc.a(_divsi3.o)
 .debug_line_str
                0x000001ad       0xd2 /Applications/ArmGNUToolchain/13.3.rel1/arm-none-eabi/bin/../lib/gcc/arm-none-eabi/13.3.1/thumb/v6-m/nofp/libgcc.a(_dvmd_tls.o)

.comment        0x00000000       0x45
 .comment       0x00000000       0x45 main.o
                                 0x46 (size before relaxing)
 .comment       0x00000045       0x46 reverse1.o
 .comment       0x00000045       0x46 reverse4.o
 .comment       0x00000045       0x46 BOARD/board.o
 .comment       0x00000045       0x46 BOARD/clock_config.o
 .comment       0x00000045       0x46 BOARD/pin_mux.o
 .comment       0x00000045       0x46 drivers/fsl_clock.o
 .comment       0x00000045       0x46 drivers/fsl_ftfx_cache.o
 .comment       0x00000045       0x46 drivers/fsl_lpsci.o
 .comment       0x00000045       0x46 drivers/fsl_smc.o
 .comment       0x00000045       0x46 drivers/fsl_uart.o
 .comment       0x00000045       0x46 include/system_MKL46Z4.o
 .comment       0x00000045       0x46 utilities/fsl_assert.o
 .comment       0x00000045       0x46 utilities/fsl_debug_console.o
 .comment       0x00000045       0x46 utilities/fsl_io.o
 .comment       0x00000045       0x46 utilities/fsl_log.o
 .comment       0x00000045       0x46 utilities/fsl_str.o

.debug_frame    0x00000000      0x404
 .debug_frame   0x00000000       0x20 /Applications/ArmGNUToolchain/13.3.rel1/arm-none-eabi/bin/../lib/gcc/arm-none-eabi/13.3.1/thumb/v6-m/nofp/libgcc.a(_udivsi3.o)
 .debug_frame   0x00000020       0x20 /Applications/ArmGNUToolchain/13.3.rel1/arm-none-eabi/bin/../lib/gcc/arm-none-eabi/13.3.1/thumb/v6-m/nofp/libgcc.a(_divsi3.o)
 .debug_frame   0x00000040       0x28 /Applications/ArmGNUToolchain/13.3.rel1/arm-none-eabi/bin/../lib/gcc/arm-none-eabi/13.3.1/../../../../arm-none-eabi/lib/thumb/v6-m/nofp/libc.a(libc_a-exit.o)
 .debug_frame   0x00000068      0x138 /Applications/ArmGNUToolchain/13.3.rel1/arm-none-eabi/bin/../lib/gcc/arm-none-eabi/13.3.1/../../../../arm-none-eabi/lib/thumb/v6-m/nofp/libc.a(libc_a-findfp.o)
 .debug_frame   0x000001a0       0x30 /Applications/ArmGNUToolchain/13.3.rel1/arm-none-eabi/bin/../lib/gcc/arm-none-eabi/13.3.1/../../../../arm-none-eabi/lib/thumb/v6-m/nofp/libc.a(libc_a-memset.o)
 .debug_frame   0x000001d0       0x2c /Applications/ArmGNUToolchain/13.3.rel1/arm-none-eabi/bin/../lib/gcc/arm-none-eabi/13.3.1/../../../../arm-none-eabi/lib/thumb/v6-m/nofp/libc.a(libc_a-init.o)
 .debug_frame   0x000001fc       0xb0 /Applications/ArmGNUToolchain/13.3.rel1/arm-none-eabi/bin/../lib/gcc/arm-none-eabi/13.3.1/../../../../arm-none-eabi/lib/thumb/v6-m/nofp/libc.a(libc_a-lock.o)
 .debug_frame   0x000002ac       0x30 /Applications/ArmGNUToolchain/13.3.rel1/arm-none-eabi/bin/../lib/gcc/arm-none-eabi/13.3.1/../../../../arm-none-eabi/lib/thumb/v6-m/nofp/libc.a(libc_a-memcpy-stub.o)
 .debug_frame   0x000002dc       0x28 /Applications/ArmGNUToolchain/13.3.rel1/arm-none-eabi/bin/../lib/gcc/arm-none-eabi/13.3.1/../../../../arm-none-eabi/lib/thumb/v6-m/nofp/libc.a(libc_a-strlen-stub.o)
 .debug_frame   0x00000304       0x54 /Applications/ArmGNUToolchain/13.3.rel1/arm-none-eabi/bin/../lib/gcc/arm-none-eabi/13.3.1/../../../../arm-none-eabi/lib/thumb/v6-m/nofp/libc.a(libc_a-__call_atexit.o)
 .debug_frame   0x00000358       0x28 /Applications/ArmGNUToolchain/13.3.rel1/arm-none-eabi/bin/../lib/gcc/arm-none-eabi/13.3.1/../../../../arm-none-eabi/lib/thumb/v6-m/nofp/libc.a(libc_a-atexit.o)
 .debug_frame   0x00000380       0x2c /Applications/ArmGNUToolchain/13.3.rel1/arm-none-eabi/bin/../lib/gcc/arm-none-eabi/13.3.1/../../../../arm-none-eabi/lib/thumb/v6-m/nofp/libc.a(libc_a-fini.o)
 .debug_frame   0x000003ac       0x38 /Applications/ArmGNUToolchain/13.3.rel1/arm-none-eabi/bin/../lib/gcc/arm-none-eabi/13.3.1/../../../../arm-none-eabi/lib/thumb/v6-m/nofp/libc.a(libc_a-__atexit.o)
 .debug_frame   0x000003e4       0x20 /Applications/ArmGNUToolchain/13.3.rel1/arm-none-eabi/bin/../lib/gcc/arm-none-eabi/13.3.1/../../../../arm-none-eabi/lib/thumb/v6-m/nofp/libnosys.a(_exit.o)
